Archive member included to satisfy reference by file (symbol)

C:/Users/magnu/Documents/GitHub/PS1Demos/psyq/lib\libapi.a(a91.o)
                              hello_tester.o (ChangeClearPAD)
C:/Users/magnu/Documents/GitHub/PS1Demos/psyq/lib\libapi.a(pad.o)
                              hello_tester.o (InitPAD)
C:/Users/magnu/Documents/GitHub/PS1Demos/psyq/lib\libapi.a(patch.o)
                              C:/Users/magnu/Documents/GitHub/PS1Demos/psyq/lib\libapi.a(pad.o) (_patch_pad)
C:/Users/magnu/Documents/GitHub/PS1Demos/psyq/lib\libapi.a(a18.o)
                              C:/Users/magnu/Documents/GitHub/PS1Demos/psyq/lib\libapi.a(pad.o) (InitPAD2)
C:/Users/magnu/Documents/GitHub/PS1Demos/psyq/lib\libapi.a(a19.o)
                              C:/Users/magnu/Documents/GitHub/PS1Demos/psyq/lib\libapi.a(pad.o) (StartPAD2)
C:/Users/magnu/Documents/GitHub/PS1Demos/psyq/lib\libapi.a(a21.o)
                              C:/Users/magnu/Documents/GitHub/PS1Demos/psyq/lib\libapi.a(pad.o) (PAD_init2)
C:/Users/magnu/Documents/GitHub/PS1Demos/psyq/lib\libapi.a(a36.o)
                              C:/Users/magnu/Documents/GitHub/PS1Demos/psyq/lib\libapi.a(pad.o) (EnterCriticalSection)
C:/Users/magnu/Documents/GitHub/PS1Demos/psyq/lib\libapi.a(a37.o)
                              C:/Users/magnu/Documents/GitHub/PS1Demos/psyq/lib\libapi.a(pad.o) (ExitCriticalSection)
C:/Users/magnu/Documents/GitHub/PS1Demos/psyq/lib\libapi.a(c68.o)
                              C:/Users/magnu/Documents/GitHub/PS1Demos/psyq/lib\libapi.a(patch.o) (FlushCache)
C:/Users/magnu/Documents/GitHub/PS1Demos/psyq/lib\libapi.a(chclrpad.o)
                              C:/Users/magnu/Documents/GitHub/PS1Demos/psyq/lib\libapi.a(pad.o) (_remove_ChgclrPAD)
C:/Users/magnu/Documents/GitHub/PS1Demos/psyq/lib\libapi.a(l02.o)
                              C:/Users/magnu/Documents/GitHub/PS1Demos/psyq/lib\libapi.a(pad.o) (SysEnqIntRP)
C:/Users/magnu/Documents/GitHub/PS1Demos/psyq/lib\libapi.a(l03.o)
                              C:/Users/magnu/Documents/GitHub/PS1Demos/psyq/lib\libapi.a(pad.o) (SysDeqIntRP)
C:/Users/magnu/Documents/GitHub/PS1Demos/psyq/lib\libc.a(c42.o)
                              hello_tester.o (memcpy)
C:/Users/magnu/Documents/GitHub/PS1Demos/psyq/lib\libetc.a(vsync.o)
                              hello_tester.o (VSync)
C:/Users/magnu/Documents/GitHub/PS1Demos/psyq/lib\libetc.a(intr_vb.o)
                              C:/Users/magnu/Documents/GitHub/PS1Demos/psyq/lib\libetc.a(vsync.o) (Vcount)
C:/Users/magnu/Documents/GitHub/PS1Demos/psyq/lib\libetc.a(intr.o)
                              C:/Users/magnu/Documents/GitHub/PS1Demos/psyq/lib\libetc.a(intr_vb.o) (InterruptCallback)
C:/Users/magnu/Documents/GitHub/PS1Demos/psyq/lib\libetc.a(intr_dma.o)
                              C:/Users/magnu/Documents/GitHub/PS1Demos/psyq/lib\libetc.a(intr.o) (startIntrDMA)
C:/Users/magnu/Documents/GitHub/PS1Demos/psyq/lib\libgpu.a(e03.o)
                              hello_tester.o (SetDefDrawEnv)
C:/Users/magnu/Documents/GitHub/PS1Demos/psyq/lib\libgpu.a(e04.o)
                              hello_tester.o (SetDefDispEnv)
C:/Users/magnu/Documents/GitHub/PS1Demos/psyq/lib\libgpu.a(font.o)
                              hello_tester.o (FntOpen)
C:/Users/magnu/Documents/GitHub/PS1Demos/psyq/lib\libgpu.a(p06.o)
                              C:/Users/magnu/Documents/GitHub/PS1Demos/psyq/lib\libgpu.a(font.o) (AddPrim)
C:/Users/magnu/Documents/GitHub/PS1Demos/psyq/lib\libgpu.a(p09.o)
                              C:/Users/magnu/Documents/GitHub/PS1Demos/psyq/lib\libgpu.a(font.o) (TermPrim)
C:/Users/magnu/Documents/GitHub/PS1Demos/psyq/lib\libgpu.a(p10.o)
                              C:/Users/magnu/Documents/GitHub/PS1Demos/psyq/lib\libgpu.a(font.o) (SetSemiTrans)
C:/Users/magnu/Documents/GitHub/PS1Demos/psyq/lib\libgpu.a(p20.o)
                              C:/Users/magnu/Documents/GitHub/PS1Demos/psyq/lib\libgpu.a(font.o) (SetSprt8)
C:/Users/magnu/Documents/GitHub/PS1Demos/psyq/lib\libgpu.a(p26.o)
                              C:/Users/magnu/Documents/GitHub/PS1Demos/psyq/lib\libgpu.a(font.o) (SetTile)
C:/Users/magnu/Documents/GitHub/PS1Demos/psyq/lib\libgpu.a(p41.o)
                              C:/Users/magnu/Documents/GitHub/PS1Demos/psyq/lib\libgpu.a(font.o) (SetDrawMode)
C:/Users/magnu/Documents/GitHub/PS1Demos/psyq/lib\libgpu.a(sys.o)
                              hello_tester.o (ResetGraph)
C:/Users/magnu/Documents/GitHub/PS1Demos/psyq/lib\libgpu.a(e00.o)
                              C:/Users/magnu/Documents/GitHub/PS1Demos/psyq/lib\libgpu.a(font.o) (LoadTPage)
C:/Users/magnu/Documents/GitHub/PS1Demos/psyq/lib\libgpu.a(e02.o)
                              C:/Users/magnu/Documents/GitHub/PS1Demos/psyq/lib\libgpu.a(font.o) (LoadClut2)
C:/Users/magnu/Documents/GitHub/PS1Demos/psyq/lib\libgpu.a(p00.o)
                              C:/Users/magnu/Documents/GitHub/PS1Demos/psyq/lib\libgpu.a(e00.o) (GetTPage)
C:/Users/magnu/Documents/GitHub/PS1Demos/psyq/lib\libgpu.a(p01.o)
                              C:/Users/magnu/Documents/GitHub/PS1Demos/psyq/lib\libgpu.a(e02.o) (GetClut)
C:/Users/magnu/Documents/GitHub/PS1Demos/psyq/lib\libapi.a(a23.o)
                              C:/Users/magnu/Documents/GitHub/PS1Demos/psyq/lib\libetc.a(intr.o) (ReturnFromException)
C:/Users/magnu/Documents/GitHub/PS1Demos/psyq/lib\libapi.a(a24.o)
                              C:/Users/magnu/Documents/GitHub/PS1Demos/psyq/lib\libetc.a(intr.o) (ResetEntryInt)
C:/Users/magnu/Documents/GitHub/PS1Demos/psyq/lib\libapi.a(a25.o)
                              C:/Users/magnu/Documents/GitHub/PS1Demos/psyq/lib\libetc.a(intr.o) (HookEntryInt)
C:/Users/magnu/Documents/GitHub/PS1Demos/psyq/lib\libapi.a(c114.o)
                              C:/Users/magnu/Documents/GitHub/PS1Demos/psyq/lib\libetc.a(intr.o) (_96_remove)
C:/Users/magnu/Documents/GitHub/PS1Demos/psyq/lib\libapi.a(c73.o)
                              C:/Users/magnu/Documents/GitHub/PS1Demos/psyq/lib\libgpu.a(sys.o) (GPU_cw)
C:/Users/magnu/Documents/GitHub/PS1Demos/psyq/lib\libapi.a(l10.o)
                              C:/Users/magnu/Documents/GitHub/PS1Demos/psyq/lib\libetc.a(vsync.o) (ChangeClearRCnt)
C:/Users/magnu/Documents/GitHub/PS1Demos/psyq/lib\libc.a(a63.o)
                              C:/Users/magnu/Documents/GitHub/PS1Demos/psyq/lib\libetc.a(vsync.o) (puts)
C:/Users/magnu/Documents/GitHub/PS1Demos/psyq/lib\libc.a(c19.o)
                              C:/Users/magnu/Documents/GitHub/PS1Demos/psyq/lib\libetc.a(intr.o) (setjmp)
C:/Users/magnu/Documents/GitHub/PS1Demos/psyq/lib\libc.a(c27.o)
                              C:/Users/magnu/Documents/GitHub/PS1Demos/psyq/lib\libgpu.a(font.o) (strlen)
C:/Users/magnu/Documents/GitHub/PS1Demos/psyq/lib\libc.a(c43.o)
                              C:/Users/magnu/Documents/GitHub/PS1Demos/psyq/lib\libgpu.a(font.o) (memset)
C:/Users/magnu/Documents/GitHub/PS1Demos/psyq/lib\libc.a(c63.o)
                              C:/Users/magnu/Documents/GitHub/PS1Demos/psyq/lib\libetc.a(intr.o) (printf)
C:/Users/magnu/Documents/GitHub/PS1Demos/psyq/lib\libetc.a(vmode.o)
                              C:/Users/magnu/Documents/GitHub/PS1Demos/psyq/lib\libgpu.a(e03.o) (GetVideoMode)

Discarded input sections

 .text          0x0000000000000000        0x0 hello_tester.o
 .MIPS.abiflags
                0x0000000000000000       0x18 hello_tester.o
 .pdr           0x0000000000000000       0xa0 hello_tester.o
 .text          0x0000000000000000        0x0 C:/Users/magnu/Documents/GitHub/PS1Demos/thirdparty/nugget/common/crt0/crt0.o
 .data          0x0000000000000000        0x0 C:/Users/magnu/Documents/GitHub/PS1Demos/thirdparty/nugget/common/crt0/crt0.o
 .bss           0x0000000000000000        0x0 C:/Users/magnu/Documents/GitHub/PS1Demos/thirdparty/nugget/common/crt0/crt0.o
 .reginfo       0x0000000000000000       0x18 C:/Users/magnu/Documents/GitHub/PS1Demos/thirdparty/nugget/common/crt0/crt0.o
 .MIPS.abiflags
                0x0000000000000000       0x18 C:/Users/magnu/Documents/GitHub/PS1Demos/thirdparty/nugget/common/crt0/crt0.o
 .text          0x0000000000000000        0x0 C:/Users/magnu/Documents/GitHub/PS1Demos/thirdparty/nugget/common/syscalls/printf.o
 .data          0x0000000000000000        0x0 C:/Users/magnu/Documents/GitHub/PS1Demos/thirdparty/nugget/common/syscalls/printf.o
 .bss           0x0000000000000000        0x0 C:/Users/magnu/Documents/GitHub/PS1Demos/thirdparty/nugget/common/syscalls/printf.o
 .reginfo       0x0000000000000000       0x18 C:/Users/magnu/Documents/GitHub/PS1Demos/thirdparty/nugget/common/syscalls/printf.o
 .MIPS.abiflags
                0x0000000000000000       0x18 C:/Users/magnu/Documents/GitHub/PS1Demos/thirdparty/nugget/common/syscalls/printf.o
 .pdr           0x0000000000000000        0x0 C:/Users/magnu/Documents/GitHub/PS1Demos/thirdparty/nugget/common/syscalls/printf.o
 .ramtext       0x0000000000000000        0xc C:/Users/magnu/Documents/GitHub/PS1Demos/thirdparty/nugget/common/syscalls/printf.o
 .debug_line    0x0000000000000000       0x4b C:/Users/magnu/Documents/GitHub/PS1Demos/thirdparty/nugget/common/syscalls/printf.o
 .debug_line_str
                0x0000000000000000       0x86 C:/Users/magnu/Documents/GitHub/PS1Demos/thirdparty/nugget/common/syscalls/printf.o
 .debug_info    0x0000000000000000       0x24 C:/Users/magnu/Documents/GitHub/PS1Demos/thirdparty/nugget/common/syscalls/printf.o
 .debug_abbrev  0x0000000000000000       0x14 C:/Users/magnu/Documents/GitHub/PS1Demos/thirdparty/nugget/common/syscalls/printf.o
 .debug_aranges
                0x0000000000000000       0x20 C:/Users/magnu/Documents/GitHub/PS1Demos/thirdparty/nugget/common/syscalls/printf.o
 .debug_str     0x0000000000000000       0x38 C:/Users/magnu/Documents/GitHub/PS1Demos/thirdparty/nugget/common/syscalls/printf.o
 .gnu.attributes
                0x0000000000000000       0x10 C:/Users/magnu/Documents/GitHub/PS1Demos/thirdparty/nugget/common/syscalls/printf.o

Memory Configuration

Name             Origin             Length             Attributes
loader           0x000000008000f800 0x0000000000000800
ram              0x0000000080010000 0x00000000001f0000 xrw
dcache           0x000000001f800000 0x0000000000000400
*default*        0x0000000000000000 0xffffffffffffffff

Linker script and memory map

LOAD hello_tester.o
LOAD C:/Users/magnu/Documents/GitHub/PS1Demos/thirdparty/nugget/common/crt0/crt0.o
LOAD C:/Users/magnu/Documents/GitHub/PS1Demos/thirdparty/nugget/common/syscalls/printf.o
START GROUP
LOAD C:/Users/magnu/Documents/GitHub/PS1Demos/psyq/lib\libapi.a
LOAD C:/Users/magnu/Documents/GitHub/PS1Demos/psyq/lib\libc.a
LOAD C:/Users/magnu/Documents/GitHub/PS1Demos/psyq/lib\libc2.a
LOAD C:/Users/magnu/Documents/GitHub/PS1Demos/psyq/lib\libcard.a
LOAD C:/Users/magnu/Documents/GitHub/PS1Demos/psyq/lib\libcomb.a
LOAD C:/Users/magnu/Documents/GitHub/PS1Demos/psyq/lib\libds.a
LOAD C:/Users/magnu/Documents/GitHub/PS1Demos/psyq/lib\libetc.a
LOAD C:/Users/magnu/Documents/GitHub/PS1Demos/psyq/lib\libgpu.a
LOAD C:/Users/magnu/Documents/GitHub/PS1Demos/psyq/lib\libgs.a
LOAD C:/Users/magnu/Documents/GitHub/PS1Demos/psyq/lib\libgte.a
LOAD C:/Users/magnu/Documents/GitHub/PS1Demos/psyq/lib\libgun.a
LOAD C:/Users/magnu/Documents/GitHub/PS1Demos/psyq/lib\libhmd.a
LOAD C:/Users/magnu/Documents/GitHub/PS1Demos/psyq/lib\libmath.a
LOAD C:/Users/magnu/Documents/GitHub/PS1Demos/psyq/lib\libmcrd.a
LOAD C:/Users/magnu/Documents/GitHub/PS1Demos/psyq/lib\libmcx.a
LOAD C:/Users/magnu/Documents/GitHub/PS1Demos/psyq/lib\libpad.a
LOAD C:/Users/magnu/Documents/GitHub/PS1Demos/psyq/lib\libpress.a
LOAD C:/Users/magnu/Documents/GitHub/PS1Demos/psyq/lib\libsio.a
LOAD C:/Users/magnu/Documents/GitHub/PS1Demos/psyq/lib\libsnd.a
LOAD C:/Users/magnu/Documents/GitHub/PS1Demos/psyq/lib\libspu.a
LOAD C:/Users/magnu/Documents/GitHub/PS1Demos/psyq/lib\libtap.a
LOAD C:/Users/magnu/Documents/GitHub/PS1Demos/psyq/lib\libcd.a
END GROUP
                0x000000008002d600                __heap_base = __bss_end
                0x0000000080010000                TLOAD_ADDR = DEFINED (TLOAD_ADDR)?TLOAD_ADDR:0x80010000
                0x0000000080200000                __ram_top = (ORIGIN (ram) + LENGTH (ram))
                0x00000000801fff00                __sp = (__ram_top - 0x100)
                0x000000001f800000                __dcache = ORIGIN (dcache)
                0x000000001f800400                __dcache_top = (ORIGIN (dcache) + LENGTH (dcache))
                0x0000000000015e00                __bss_len = (__bss_end - __bss_start)
                0x0000000000005510                __ftext_len = (__ftext_end - __ftext_start)
                0x00000000000022f0                __fdata_len = (__fdata_end - __fdata_start)
                0x0000000080200000                __stack_start = (ORIGIN (ram) + LENGTH (ram))

.PSX_EXE_Header
                0x000000008000f800      0x800
                0x000000008000f800        0x1 BYTE 0x50
                0x000000008000f801        0x1 BYTE 0x53
                0x000000008000f802        0x1 BYTE 0x2d
                0x000000008000f803        0x1 BYTE 0x58
                0x000000008000f804        0x1 BYTE 0x20
                0x000000008000f805        0x1 BYTE 0x45
                0x000000008000f806        0x1 BYTE 0x58
                0x000000008000f807        0x1 BYTE 0x45
                0x000000008000f808        0x4 LONG 0x0
                0x000000008000f80c        0x4 LONG 0x0
                0x000000008000f810        0x4 LONG 0x80010000 ABSOLUTE (_start)
                0x000000008000f814        0x4 LONG 0x0
                0x000000008000f818        0x4 LONG 0x80010000 TLOAD_ADDR
                0x000000008000f81c        0x4 LONG 0x7800 (__ftext_len + __fdata_len)
                0x000000008000f820        0x4 LONG 0x0
                0x000000008000f824        0x4 LONG 0x0
                0x000000008000f828        0x4 LONG 0x0
                0x000000008000f82c        0x4 LONG 0x0
                0x000000008000f830        0x4 LONG 0x801fff00 DEFINED (_sp)?ABSOLUTE (_sp):0x801fff00
                0x000000008000f834        0x4 LONG 0x0
                0x0000000080010000                . = (. + 0x7c8)
 *fill*         0x000000008000f838      0x7c8 
                0x0000000080010000                __ftext_start = ABSOLUTE (.)

.text           0x0000000080010000     0x5510
 *(.start)
 .start         0x0000000080010000       0x64 C:/Users/magnu/Documents/GitHub/PS1Demos/thirdparty/nugget/common/crt0/crt0.o
                0x0000000080010000                _start
 *(.init)
 *(SORT_NONE(.fini))
 *(.text.unlikely .text.*_unlikely .text.unlikely.*)
 *(.text.exit .text.exit.*)
 *(.text.startup .text.startup.*)
 .text.startup.main
                0x0000000080010064      0x21c hello_tester.o
                0x0000000080010064                main
 *(.text.hot .text.hot.*)
 *(.text .stub .text.* .gnu.linkonce.t.*)
 .text.init     0x0000000080010280      0x134 hello_tester.o
                0x0000000080010280                init
 .text.display  0x00000000800103b4       0xb8 hello_tester.o
                0x00000000800103b4                display
 .text.renderGameObject
                0x000000008001046c       0xd8 hello_tester.o
                0x000000008001046c                renderGameObject
 .text.renderGameObjects
                0x0000000080010544       0x4c hello_tester.o
                0x0000000080010544                renderGameObjects
 .text          0x0000000080010590       0x10 C:/Users/magnu/Documents/GitHub/PS1Demos/psyq/lib\libapi.a(a91.o)
                0x0000000080010590                ChangeClearPAD
 .text          0x00000000800105a0      0x290 C:/Users/magnu/Documents/GitHub/PS1Demos/psyq/lib\libapi.a(pad.o)
                0x00000000800105a0                SetInitPadFlag
                0x00000000800105ac                ReadInitPadFlag
                0x00000000800105bc                PAD_init
                0x000000008001064c                InitPAD
                0x00000000800106dc                StartPAD
 .text          0x0000000080010830       0xa0 C:/Users/magnu/Documents/GitHub/PS1Demos/psyq/lib\libapi.a(patch.o)
                0x0000000080010830                EnablePAD
                0x0000000080010844                DisablePAD
                0x0000000080010858                _patch_pad
 .text          0x00000000800108d0       0x10 C:/Users/magnu/Documents/GitHub/PS1Demos/psyq/lib\libapi.a(a18.o)
                0x00000000800108d0                InitPAD2
 .text          0x00000000800108e0       0x10 C:/Users/magnu/Documents/GitHub/PS1Demos/psyq/lib\libapi.a(a19.o)
                0x00000000800108e0                StartPAD2
 .text          0x00000000800108f0       0x10 C:/Users/magnu/Documents/GitHub/PS1Demos/psyq/lib\libapi.a(a21.o)
                0x00000000800108f0                PAD_init2
 .text          0x0000000080010900       0x10 C:/Users/magnu/Documents/GitHub/PS1Demos/psyq/lib\libapi.a(a36.o)
                0x0000000080010900                EnterCriticalSection
 .text          0x0000000080010910       0x10 C:/Users/magnu/Documents/GitHub/PS1Demos/psyq/lib\libapi.a(a37.o)
                0x0000000080010910                ExitCriticalSection
 .text          0x0000000080010920       0x10 C:/Users/magnu/Documents/GitHub/PS1Demos/psyq/lib\libapi.a(c68.o)
                0x0000000080010920                FlushCache
 .text          0x0000000080010930       0x70 C:/Users/magnu/Documents/GitHub/PS1Demos/psyq/lib\libapi.a(chclrpad.o)
                0x0000000080010930                _remove_ChgclrPAD
 .text          0x00000000800109a0       0x10 C:/Users/magnu/Documents/GitHub/PS1Demos/psyq/lib\libapi.a(l02.o)
                0x00000000800109a0                SysEnqIntRP
 .text          0x00000000800109b0       0x10 C:/Users/magnu/Documents/GitHub/PS1Demos/psyq/lib\libapi.a(l03.o)
                0x00000000800109b0                SysDeqIntRP
 .text          0x00000000800109c0       0x10 C:/Users/magnu/Documents/GitHub/PS1Demos/psyq/lib\libc.a(c42.o)
                0x00000000800109c0                memcpy
 .text          0x00000000800109d0      0x210 C:/Users/magnu/Documents/GitHub/PS1Demos/psyq/lib\libetc.a(vsync.o)
                0x00000000800109d0                VSync
 .text          0x0000000080010be0      0x120 C:/Users/magnu/Documents/GitHub/PS1Demos/psyq/lib\libetc.a(intr_vb.o)
                0x0000000080010be0                startIntrVSync
 .text          0x0000000080010d00      0x6c0 C:/Users/magnu/Documents/GitHub/PS1Demos/psyq/lib\libetc.a(intr.o)
                0x0000000080010d00                ResetCallback
                0x0000000080010d30                InterruptCallback
                0x0000000080010d60                DMACallback
                0x0000000080010d90                VSyncCallback
                0x0000000080010dc4                VSyncCallbacks
                0x0000000080010df4                StopCallback
                0x0000000080010e24                RestartCallback
                0x0000000080010e54                CheckCallback
                0x0000000080010e64                GetIntrMask
                0x0000000080010e7c                SetIntrMask
 .text          0x00000000800113c0      0x2a0 C:/Users/magnu/Documents/GitHub/PS1Demos/psyq/lib\libetc.a(intr_dma.o)
                0x00000000800113c0                startIntrDMA
 .text          0x0000000080011660       0xc0 C:/Users/magnu/Documents/GitHub/PS1Demos/psyq/lib\libgpu.a(e03.o)
                0x0000000080011660                SetDefDrawEnv
 .text          0x0000000080011720       0x40 C:/Users/magnu/Documents/GitHub/PS1Demos/psyq/lib\libgpu.a(e04.o)
                0x0000000080011720                SetDefDispEnv
 .text          0x0000000080011760      0xa80 C:/Users/magnu/Documents/GitHub/PS1Demos/psyq/lib\libgpu.a(font.o)
                0x0000000080011760                SetDumpFnt
                0x00000000800117a0                FntLoad
                0x0000000080011840                FntOpen
                0x0000000080011afc                FntFlush
                0x0000000080011e18                FntPrint
 .text          0x00000000800121e0       0x40 C:/Users/magnu/Documents/GitHub/PS1Demos/psyq/lib\libgpu.a(p06.o)
                0x00000000800121e0                AddPrim
 .text          0x0000000080012220       0x20 C:/Users/magnu/Documents/GitHub/PS1Demos/psyq/lib\libgpu.a(p09.o)
                0x0000000080012220                TermPrim
 .text          0x0000000080012240       0x30 C:/Users/magnu/Documents/GitHub/PS1Demos/psyq/lib\libgpu.a(p10.o)
                0x0000000080012240                SetSemiTrans
 .text          0x0000000080012270       0x20 C:/Users/magnu/Documents/GitHub/PS1Demos/psyq/lib\libgpu.a(p20.o)
                0x0000000080012270                SetSprt8
 .text          0x0000000080012290       0x20 C:/Users/magnu/Documents/GitHub/PS1Demos/psyq/lib\libgpu.a(p26.o)
                0x0000000080012290                SetTile
 .text          0x00000000800122b0       0xa0 C:/Users/magnu/Documents/GitHub/PS1Demos/psyq/lib\libgpu.a(p41.o)
                0x00000000800122b0                SetDrawMode
 .text          0x0000000080012350     0x2f00 C:/Users/magnu/Documents/GitHub/PS1Demos/psyq/lib\libgpu.a(sys.o)
                0x0000000080012350                ResetGraph
                0x00000000800124c4                SetGraphDebug
                0x0000000080012520                SetGraphQueue
                0x00000000800125c4                GetGraphDebug
                0x00000000800125d4                DrawSyncCallback
                0x0000000080012634                SetDispMask
                0x00000000800126cc                DrawSync
                0x0000000080012850                ClearImage
                0x00000000800128e0                ClearImage2
                0x0000000080012978                LoadImage
                0x00000000800129d8                StoreImage
                0x0000000080012a38                MoveImage
                0x0000000080012af0                ClearOTag
                0x0000000080012bb8                ClearOTagR
                0x0000000080012c64                DrawPrim
                0x0000000080012cc0                DrawOTag
                0x0000000080012d30                PutDrawEnv
                0x0000000080012df0                DrawOTagEnv
                0x0000000080012ec8                GetDrawEnv
                0x0000000080012efc                PutDispEnv
                0x00000000800133f4                GetDispEnv
                0x0000000080013428                GetODE
                0x0000000080013458                SetDrawArea
                0x00000000800134d8                SetDrawOffset
                0x0000000080013518                SetDrawEnv
                0x0000000080014de8                LoadImage2
                0x0000000080014ed4                StoreImage2
                0x0000000080014fc0                MoveImage2
                0x0000000080015104                DrawOTag2
                0x0000000080015200                _GPU_ResetCallback
 .text          0x0000000080015250       0xf0 C:/Users/magnu/Documents/GitHub/PS1Demos/psyq/lib\libgpu.a(e00.o)
                0x0000000080015250                LoadTPage
 .text          0x0000000080015340       0x70 C:/Users/magnu/Documents/GitHub/PS1Demos/psyq/lib\libgpu.a(e02.o)
                0x0000000080015340                LoadClut2
 .text          0x00000000800153b0       0x40 C:/Users/magnu/Documents/GitHub/PS1Demos/psyq/lib\libgpu.a(p00.o)
                0x00000000800153b0                GetTPage
 .text          0x00000000800153f0       0x20 C:/Users/magnu/Documents/GitHub/PS1Demos/psyq/lib\libgpu.a(p01.o)
                0x00000000800153f0                GetClut
 .text          0x0000000080015410       0x10 C:/Users/magnu/Documents/GitHub/PS1Demos/psyq/lib\libapi.a(a23.o)
                0x0000000080015410                ReturnFromException
 .text          0x0000000080015420       0x10 C:/Users/magnu/Documents/GitHub/PS1Demos/psyq/lib\libapi.a(a24.o)
                0x0000000080015420                ResetEntryInt
 .text          0x0000000080015430       0x10 C:/Users/magnu/Documents/GitHub/PS1Demos/psyq/lib\libapi.a(a25.o)
                0x0000000080015430                HookEntryInt
 .text          0x0000000080015440       0x20 C:/Users/magnu/Documents/GitHub/PS1Demos/psyq/lib\libapi.a(c114.o)
                0x0000000080015448                _96_remove
 .text          0x0000000080015460       0x10 C:/Users/magnu/Documents/GitHub/PS1Demos/psyq/lib\libapi.a(c73.o)
                0x0000000080015460                GPU_cw
 .text          0x0000000080015470       0x10 C:/Users/magnu/Documents/GitHub/PS1Demos/psyq/lib\libapi.a(l10.o)
                0x0000000080015470                ChangeClearRCnt
 .text          0x0000000080015480       0x20 C:/Users/magnu/Documents/GitHub/PS1Demos/psyq/lib\libc.a(a63.o)
                0x0000000080015488                puts
 .text          0x00000000800154a0       0x10 C:/Users/magnu/Documents/GitHub/PS1Demos/psyq/lib\libc.a(c19.o)
                0x00000000800154a0                setjmp
 .text          0x00000000800154b0       0x10 C:/Users/magnu/Documents/GitHub/PS1Demos/psyq/lib\libc.a(c27.o)
                0x00000000800154b0                strlen
 .text          0x00000000800154c0       0x10 C:/Users/magnu/Documents/GitHub/PS1Demos/psyq/lib\libc.a(c43.o)
                0x00000000800154c0                memset
 .text          0x00000000800154d0       0x10 C:/Users/magnu/Documents/GitHub/PS1Demos/psyq/lib\libc.a(c63.o)
                0x00000000800154d0                printf
 .text          0x00000000800154e0       0x30 C:/Users/magnu/Documents/GitHub/PS1Demos/psyq/lib\libetc.a(vmode.o)
                0x00000000800154e0                SetVideoMode
                0x00000000800154f4                GetVideoMode
                0x0000000080015510                . = ALIGN (0x10)
 *(.init)
                0x0000000080015510                . = ALIGN (0x10)
 *(.fini)
                0x0000000080015510                . = ALIGN (0x10)
                0x0000000080015510                __text_end = .
                0x0000000080015510                __ftext_end = ABSOLUTE (.)
                0x0000000080015510                __fdata_start = ABSOLUTE (.)

.rodata         0x0000000080015510      0x380
 *(.rodata .rodata.* .rdata .rdata.* .gnu.linkonce.r.*)
 .rodata        0x0000000080015510       0x10 C:/Users/magnu/Documents/GitHub/PS1Demos/thirdparty/nugget/common/crt0/crt0.o
 .rdata         0x0000000080015520       0x10 C:/Users/magnu/Documents/GitHub/PS1Demos/psyq/lib\libetc.a(vsync.o)
 .rdata         0x0000000080015530       0x70 C:/Users/magnu/Documents/GitHub/PS1Demos/psyq/lib\libetc.a(intr.o)
 .rdata         0x00000000800155a0       0x30 C:/Users/magnu/Documents/GitHub/PS1Demos/psyq/lib\libetc.a(intr_dma.o)
 .rdata         0x00000000800155d0       0xa0 C:/Users/magnu/Documents/GitHub/PS1Demos/psyq/lib\libgpu.a(font.o)
 .rdata         0x0000000080015670      0x220 C:/Users/magnu/Documents/GitHub/PS1Demos/psyq/lib\libgpu.a(sys.o)
                0x0000000080015890                . = ALIGN (0x10)
                0x0000000080015890                __preinit_array_start = .
 *(.preinit_array)
                0x0000000080015890                __preinit_array_end = .
                0x0000000080015890                . = ALIGN (0x10)
                0x0000000080015890                __init_array_start = .
 *(SORT_BY_NAME(.init_array.*))
 *(.init_array)
                0x0000000080015890                . = ALIGN (0x10)
 *crtbegin.o(.ctors)
 *(EXCLUDE_FILE(*crtend.o) .ctors)
 *(SORT_BY_NAME(.ctors.*))
 *crtend.o(.ctors)
                0x0000000080015890                __init_array_end = .
                0x0000000080015890                . = ALIGN (0x10)
                0x0000000080015890                __fini_array_start = .
 *(.fini_array)
 *(SORT_BY_NAME(.fini_array.*))
 *crtbegin.o(.dtors)
 *(EXCLUDE_FILE(*crtend.o) .dtors)
 *(SORT_BY_NAME(.dtors.*))
 *crtend.o(.dtors)
                0x0000000080015890                __fini_array_end = .
                0x0000000080015890                __build_id = .
 *(.note.gnu.build-id)
                0x0000000080015890                __build_id_end = .

.rel.dyn        0x0000000080015890        0x0
 .rel.dyn       0x0000000080015890        0x0 C:/Users/magnu/Documents/GitHub/PS1Demos/psyq/lib\libgpu.a(sys.o)

.rodata1
 *(.rodata1)
                0x0000000080015890                __data_start = .

.data           0x0000000080015890     0x1f70
 *(.a0table)
 *(.data .data.* .gnu.linkonce.d.*)
 .data          0x0000000080015890       0x30 hello_tester.o
                0x0000000080015890                YELLOW
                0x000000008001589c                GREEN
                0x00000000800158a8                BLUE
                0x00000000800158b4                RED
 .data          0x00000000800158c0       0x10 C:/Users/magnu/Documents/GitHub/PS1Demos/psyq/lib\libapi.a(pad.o)
 .data          0x00000000800158d0       0x20 C:/Users/magnu/Documents/GitHub/PS1Demos/psyq/lib\libetc.a(vsync.o)
                0x00000000800158e0                Hcount
 .data          0x00000000800158f0       0x30 C:/Users/magnu/Documents/GitHub/PS1Demos/psyq/lib\libetc.a(intr_vb.o)
                0x0000000080015910                Vcount
 .data          0x0000000080015920     0x1100 C:/Users/magnu/Documents/GitHub/PS1Demos/psyq/lib\libetc.a(intr.o)
 .data          0x0000000080016a20       0x30 C:/Users/magnu/Documents/GitHub/PS1Demos/psyq/lib\libetc.a(intr_dma.o)
 .data          0x0000000080016a50      0xb90 C:/Users/magnu/Documents/GitHub/PS1Demos/psyq/lib\libgpu.a(font.o)
                0x0000000080016a50                Font
 .data          0x00000000800175e0      0x1a0 C:/Users/magnu/Documents/GitHub/PS1Demos/psyq/lib\libgpu.a(sys.o)
                0x000000008001762c                GPU_printf
                0x0000000080017630                GEnv
                0x0000000080017758                _qin
                0x000000008001775c                _qout
 .data          0x0000000080017780       0x10 C:/Users/magnu/Documents/GitHub/PS1Demos/psyq/lib\libetc.a(vmode.o)
 *(.data1)
 *(.sdata .sdata.* .gnu.linkonce.s.*)
 *(.sdata2 .sdata2.* .gnu.linkonce.s2.*)
 *(.got.plt)
 *(.got)
                0x0000000080017800                . = ALIGN (0x800)
 *fill*         0x0000000080017790       0x70 
                0x0000000080017800                __data_end = .
                0x0000000080017800                __fdata_end = .
                0x0000000080017800                __bss_start = .

.sbss           0x0000000080017800    0x15e00
 *(.dynsbss)
 *(.sbss .sbss.* .gnu.linkonce.sb.*)
 .sbss          0x0000000080017800        0xc hello_tester.o
                0x0000000080017800                tile
                0x0000000080017804                nextpri
                0x0000000080017808                db
 *(.scommon)
 *(.dynbss)
 *(.bss .bss.* .gnu.linkonce.b.*)
 .bss           0x000000008001780c    0x10164 hello_tester.o
                0x000000008001780c                padbuff
                0x0000000080017850                pribuff
                0x0000000080027850                ot
                0x0000000080027890                draw
                0x0000000080027948                disp
 .bss           0x0000000080027970       0x10 C:/Users/magnu/Documents/GitHub/PS1Demos/psyq/lib\libapi.a(pad.o)
                0x0000000080027970                _apiPadPatch
 .bss           0x0000000080027980       0x10 C:/Users/magnu/Documents/GitHub/PS1Demos/psyq/lib\libapi.a(patch.o)
 .bss           0x0000000080027990       0x10 C:/Users/magnu/Documents/GitHub/PS1Demos/psyq/lib\libapi.a(chclrpad.o)
 .bss           0x00000000800279a0     0x4410 C:/Users/magnu/Documents/GitHub/PS1Demos/psyq/lib\libgpu.a(font.o)
 .bss           0x000000008002bdb0     0x1850 C:/Users/magnu/Documents/GitHub/PS1Demos/psyq/lib\libgpu.a(sys.o)
                0x000000008002be00                _que
 *(COMMON)
                0x000000008002d600                . = ALIGN (0x4)
                0x000000008002d600                __bss_end = .
                0x000000008002d600                __heap_start = __heap_base
                0x000000008000f800                . = (ADDR (.text) - 0x800)
                0x000000008000f800                __end = .

/DISCARD/
 *(.MIPS.abiflags)

/DISCARD/
 *(.rel.iplt)
 *(.rela.iplt)
 *(.rel.plt)
 *(.rela.plt)
 *(.plt)
 *(.iplt)

/DISCARD/
 *(.note.GNU-stack)
 *(.gnu_debuglink)
 *(.gnu.lto_*)
OUTPUT(hello_tester.elf elf32-littlemips)

.reginfo        0x0000000000000000       0x18
 .reginfo       0x0000000000000000       0x18 hello_tester.o

.mdebug.abi32   0x0000000000000000        0x0
 .mdebug.abi32  0x0000000000000000        0x0 hello_tester.o

.comment        0x0000000000000000       0x12
 .comment       0x0000000000000000       0x12 hello_tester.o
                                         0x13 (size before relaxing)

.gnu.attributes
                0x0000000000000000       0x10
 .gnu.attributes
                0x0000000000000000       0x10 hello_tester.o
 .gnu.attributes
                0x0000000000000010       0x10 C:/Users/magnu/Documents/GitHub/PS1Demos/thirdparty/nugget/common/crt0/crt0.o

.pdr            0x0000000000000000        0x0
 .pdr           0x0000000000000000        0x0 C:/Users/magnu/Documents/GitHub/PS1Demos/thirdparty/nugget/common/crt0/crt0.o

.note           0x0000000000000000     0x137c
 .note          0x0000000000000000       0x74 C:/Users/magnu/Documents/GitHub/PS1Demos/psyq/lib\libapi.a(a91.o)
 .note          0x0000000000000074       0x74 C:/Users/magnu/Documents/GitHub/PS1Demos/psyq/lib\libapi.a(pad.o)
 .note          0x00000000000000e8       0x74 C:/Users/magnu/Documents/GitHub/PS1Demos/psyq/lib\libapi.a(patch.o)
 .note          0x000000000000015c       0x74 C:/Users/magnu/Documents/GitHub/PS1Demos/psyq/lib\libapi.a(a18.o)
 .note          0x00000000000001d0       0x74 C:/Users/magnu/Documents/GitHub/PS1Demos/psyq/lib\libapi.a(a19.o)
 .note          0x0000000000000244       0x74 C:/Users/magnu/Documents/GitHub/PS1Demos/psyq/lib\libapi.a(a21.o)
 .note          0x00000000000002b8       0x74 C:/Users/magnu/Documents/GitHub/PS1Demos/psyq/lib\libapi.a(a36.o)
 .note          0x000000000000032c       0x74 C:/Users/magnu/Documents/GitHub/PS1Demos/psyq/lib\libapi.a(a37.o)
 .note          0x00000000000003a0       0x74 C:/Users/magnu/Documents/GitHub/PS1Demos/psyq/lib\libapi.a(c68.o)
 .note          0x0000000000000414       0x74 C:/Users/magnu/Documents/GitHub/PS1Demos/psyq/lib\libapi.a(chclrpad.o)
 .note          0x0000000000000488       0x74 C:/Users/magnu/Documents/GitHub/PS1Demos/psyq/lib\libapi.a(l02.o)
 .note          0x00000000000004fc       0x74 C:/Users/magnu/Documents/GitHub/PS1Demos/psyq/lib\libapi.a(l03.o)
 .note          0x0000000000000570       0x74 C:/Users/magnu/Documents/GitHub/PS1Demos/psyq/lib\libc.a(c42.o)
 .note          0x00000000000005e4       0x74 C:/Users/magnu/Documents/GitHub/PS1Demos/psyq/lib\libetc.a(vsync.o)
 .note          0x0000000000000658       0x74 C:/Users/magnu/Documents/GitHub/PS1Demos/psyq/lib\libetc.a(intr_vb.o)
 .note          0x00000000000006cc       0x74 C:/Users/magnu/Documents/GitHub/PS1Demos/psyq/lib\libetc.a(intr.o)
 .note          0x0000000000000740       0x74 C:/Users/magnu/Documents/GitHub/PS1Demos/psyq/lib\libetc.a(intr_dma.o)
 .note          0x00000000000007b4       0x74 C:/Users/magnu/Documents/GitHub/PS1Demos/psyq/lib\libgpu.a(e03.o)
 .note          0x0000000000000828       0x74 C:/Users/magnu/Documents/GitHub/PS1Demos/psyq/lib\libgpu.a(e04.o)
 .note          0x000000000000089c       0x74 C:/Users/magnu/Documents/GitHub/PS1Demos/psyq/lib\libgpu.a(font.o)
 .note          0x0000000000000910       0x74 C:/Users/magnu/Documents/GitHub/PS1Demos/psyq/lib\libgpu.a(p06.o)
 .note          0x0000000000000984       0x74 C:/Users/magnu/Documents/GitHub/PS1Demos/psyq/lib\libgpu.a(p09.o)
 .note          0x00000000000009f8       0x74 C:/Users/magnu/Documents/GitHub/PS1Demos/psyq/lib\libgpu.a(p10.o)
 .note          0x0000000000000a6c       0x74 C:/Users/magnu/Documents/GitHub/PS1Demos/psyq/lib\libgpu.a(p20.o)
 .note          0x0000000000000ae0       0x74 C:/Users/magnu/Documents/GitHub/PS1Demos/psyq/lib\libgpu.a(p26.o)
 .note          0x0000000000000b54       0x74 C:/Users/magnu/Documents/GitHub/PS1Demos/psyq/lib\libgpu.a(p41.o)
 .note          0x0000000000000bc8       0x74 C:/Users/magnu/Documents/GitHub/PS1Demos/psyq/lib\libgpu.a(sys.o)
 .note          0x0000000000000c3c       0x74 C:/Users/magnu/Documents/GitHub/PS1Demos/psyq/lib\libgpu.a(e00.o)
 .note          0x0000000000000cb0       0x74 C:/Users/magnu/Documents/GitHub/PS1Demos/psyq/lib\libgpu.a(e02.o)
 .note          0x0000000000000d24       0x74 C:/Users/magnu/Documents/GitHub/PS1Demos/psyq/lib\libgpu.a(p00.o)
 .note          0x0000000000000d98       0x74 C:/Users/magnu/Documents/GitHub/PS1Demos/psyq/lib\libgpu.a(p01.o)
 .note          0x0000000000000e0c       0x74 C:/Users/magnu/Documents/GitHub/PS1Demos/psyq/lib\libapi.a(a23.o)
 .note          0x0000000000000e80       0x74 C:/Users/magnu/Documents/GitHub/PS1Demos/psyq/lib\libapi.a(a24.o)
 .note          0x0000000000000ef4       0x74 C:/Users/magnu/Documents/GitHub/PS1Demos/psyq/lib\libapi.a(a25.o)
 .note          0x0000000000000f68       0x74 C:/Users/magnu/Documents/GitHub/PS1Demos/psyq/lib\libapi.a(c114.o)
 .note          0x0000000000000fdc       0x74 C:/Users/magnu/Documents/GitHub/PS1Demos/psyq/lib\libapi.a(c73.o)
 .note          0x0000000000001050       0x74 C:/Users/magnu/Documents/GitHub/PS1Demos/psyq/lib\libapi.a(l10.o)
 .note          0x00000000000010c4       0x74 C:/Users/magnu/Documents/GitHub/PS1Demos/psyq/lib\libc.a(a63.o)
 .note          0x0000000000001138       0x74 C:/Users/magnu/Documents/GitHub/PS1Demos/psyq/lib\libc.a(c19.o)
 .note          0x00000000000011ac       0x74 C:/Users/magnu/Documents/GitHub/PS1Demos/psyq/lib\libc.a(c27.o)
 .note          0x0000000000001220       0x74 C:/Users/magnu/Documents/GitHub/PS1Demos/psyq/lib\libc.a(c43.o)
 .note          0x0000000000001294       0x74 C:/Users/magnu/Documents/GitHub/PS1Demos/psyq/lib\libc.a(c63.o)
 .note          0x0000000000001308       0x74 C:/Users/magnu/Documents/GitHub/PS1Demos/psyq/lib\libetc.a(vmode.o)

.debug_info     0x0000000000000000      0xbea
 .debug_info    0x0000000000000000      0xbc6 hello_tester.o
 .debug_info    0x0000000000000bc6       0x24 C:/Users/magnu/Documents/GitHub/PS1Demos/thirdparty/nugget/common/crt0/crt0.o

.debug_abbrev   0x0000000000000000      0x2ea
 .debug_abbrev  0x0000000000000000      0x2d6 hello_tester.o
 .debug_abbrev  0x00000000000002d6       0x14 C:/Users/magnu/Documents/GitHub/PS1Demos/thirdparty/nugget/common/crt0/crt0.o

.debug_loclists
                0x0000000000000000      0x12b
 .debug_loclists
                0x0000000000000000      0x12b hello_tester.o

.debug_aranges  0x0000000000000000       0x60
 .debug_aranges
                0x0000000000000000       0x40 hello_tester.o
 .debug_aranges
                0x0000000000000040       0x20 C:/Users/magnu/Documents/GitHub/PS1Demos/thirdparty/nugget/common/crt0/crt0.o

.debug_rnglists
                0x0000000000000000       0x3e
 .debug_rnglists
                0x0000000000000000       0x3e hello_tester.o

.debug_line     0x0000000000000000      0x3c3
 .debug_line    0x0000000000000000      0x368 hello_tester.o
 .debug_line    0x0000000000000368       0x5b C:/Users/magnu/Documents/GitHub/PS1Demos/thirdparty/nugget/common/crt0/crt0.o

.debug_str      0x0000000000000000      0x44a
 .debug_str     0x0000000000000000      0x414 hello_tester.o
                                        0x43a (size before relaxing)
 .debug_str     0x0000000000000414       0x36 C:/Users/magnu/Documents/GitHub/PS1Demos/thirdparty/nugget/common/crt0/crt0.o

.debug_frame    0x0000000000000000       0xac
 .debug_frame   0x0000000000000000       0xac hello_tester.o

.debug_line_str
                0x0000000000000000       0x3d
 .debug_line_str
                0x0000000000000000       0x3d C:/Users/magnu/Documents/GitHub/PS1Demos/thirdparty/nugget/common/crt0/crt0.o
                                         0x7a (size before relaxing)
