Archive member included to satisfy reference by file (symbol)

C:/Users/magnu/Documents/GitHub/PS1Demos/psyq/lib\libapi.a(a91.o)
                              snake_demo.o (ChangeClearPAD)
C:/Users/magnu/Documents/GitHub/PS1Demos/psyq/lib\libapi.a(pad.o)
                              snake_demo.o (InitPAD)
C:/Users/magnu/Documents/GitHub/PS1Demos/psyq/lib\libapi.a(patch.o)
                              C:/Users/magnu/Documents/GitHub/PS1Demos/psyq/lib\libapi.a(pad.o) (_patch_pad)
C:/Users/magnu/Documents/GitHub/PS1Demos/psyq/lib\libapi.a(a18.o)
                              C:/Users/magnu/Documents/GitHub/PS1Demos/psyq/lib\libapi.a(pad.o) (InitPAD2)
C:/Users/magnu/Documents/GitHub/PS1Demos/psyq/lib\libapi.a(a19.o)
                              C:/Users/magnu/Documents/GitHub/PS1Demos/psyq/lib\libapi.a(pad.o) (StartPAD2)
C:/Users/magnu/Documents/GitHub/PS1Demos/psyq/lib\libapi.a(a21.o)
                              C:/Users/magnu/Documents/GitHub/PS1Demos/psyq/lib\libapi.a(pad.o) (PAD_init2)
C:/Users/magnu/Documents/GitHub/PS1Demos/psyq/lib\libapi.a(a36.o)
                              C:/Users/magnu/Documents/GitHub/PS1Demos/psyq/lib\libapi.a(pad.o) (EnterCriticalSection)
C:/Users/magnu/Documents/GitHub/PS1Demos/psyq/lib\libapi.a(a37.o)
                              C:/Users/magnu/Documents/GitHub/PS1Demos/psyq/lib\libapi.a(pad.o) (ExitCriticalSection)
C:/Users/magnu/Documents/GitHub/PS1Demos/psyq/lib\libapi.a(c68.o)
                              C:/Users/magnu/Documents/GitHub/PS1Demos/psyq/lib\libapi.a(patch.o) (FlushCache)
C:/Users/magnu/Documents/GitHub/PS1Demos/psyq/lib\libapi.a(chclrpad.o)
                              C:/Users/magnu/Documents/GitHub/PS1Demos/psyq/lib\libapi.a(pad.o) (_remove_ChgclrPAD)
C:/Users/magnu/Documents/GitHub/PS1Demos/psyq/lib\libapi.a(l02.o)
                              C:/Users/magnu/Documents/GitHub/PS1Demos/psyq/lib\libapi.a(pad.o) (SysEnqIntRP)
C:/Users/magnu/Documents/GitHub/PS1Demos/psyq/lib\libapi.a(l03.o)
                              C:/Users/magnu/Documents/GitHub/PS1Demos/psyq/lib\libapi.a(pad.o) (SysDeqIntRP)
C:/Users/magnu/Documents/GitHub/PS1Demos/psyq/lib\libc.a(c42.o)
                              snake_demo.o (memcpy)
C:/Users/magnu/Documents/GitHub/PS1Demos/psyq/lib\libc.a(c43.o)
                              snake_demo.o (memset)
C:/Users/magnu/Documents/GitHub/PS1Demos/psyq/lib\libc.a(c63.o)
                              snake_demo.o (printf)
C:/Users/magnu/Documents/GitHub/PS1Demos/psyq/lib\libetc.a(vsync.o)
                              snake_demo.o (VSync)
C:/Users/magnu/Documents/GitHub/PS1Demos/psyq/lib\libetc.a(intr_vb.o)
                              C:/Users/magnu/Documents/GitHub/PS1Demos/psyq/lib\libetc.a(vsync.o) (Vcount)
C:/Users/magnu/Documents/GitHub/PS1Demos/psyq/lib\libetc.a(intr.o)
                              C:/Users/magnu/Documents/GitHub/PS1Demos/psyq/lib\libetc.a(intr_vb.o) (InterruptCallback)
C:/Users/magnu/Documents/GitHub/PS1Demos/psyq/lib\libetc.a(intr_dma.o)
                              C:/Users/magnu/Documents/GitHub/PS1Demos/psyq/lib\libetc.a(intr.o) (startIntrDMA)
C:/Users/magnu/Documents/GitHub/PS1Demos/psyq/lib\libgpu.a(e03.o)
                              snake_demo.o (SetDefDrawEnv)
C:/Users/magnu/Documents/GitHub/PS1Demos/psyq/lib\libgpu.a(e04.o)
                              snake_demo.o (SetDefDispEnv)
C:/Users/magnu/Documents/GitHub/PS1Demos/psyq/lib\libgpu.a(font.o)
                              snake_demo.o (FntFlush)
C:/Users/magnu/Documents/GitHub/PS1Demos/psyq/lib\libgpu.a(p06.o)
                              C:/Users/magnu/Documents/GitHub/PS1Demos/psyq/lib\libgpu.a(font.o) (AddPrim)
C:/Users/magnu/Documents/GitHub/PS1Demos/psyq/lib\libgpu.a(p09.o)
                              C:/Users/magnu/Documents/GitHub/PS1Demos/psyq/lib\libgpu.a(font.o) (TermPrim)
C:/Users/magnu/Documents/GitHub/PS1Demos/psyq/lib\libgpu.a(p10.o)
                              C:/Users/magnu/Documents/GitHub/PS1Demos/psyq/lib\libgpu.a(font.o) (SetSemiTrans)
C:/Users/magnu/Documents/GitHub/PS1Demos/psyq/lib\libgpu.a(p20.o)
                              C:/Users/magnu/Documents/GitHub/PS1Demos/psyq/lib\libgpu.a(font.o) (SetSprt8)
C:/Users/magnu/Documents/GitHub/PS1Demos/psyq/lib\libgpu.a(p26.o)
                              C:/Users/magnu/Documents/GitHub/PS1Demos/psyq/lib\libgpu.a(font.o) (SetTile)
C:/Users/magnu/Documents/GitHub/PS1Demos/psyq/lib\libgpu.a(p41.o)
                              C:/Users/magnu/Documents/GitHub/PS1Demos/psyq/lib\libgpu.a(font.o) (SetDrawMode)
C:/Users/magnu/Documents/GitHub/PS1Demos/psyq/lib\libgpu.a(sys.o)
                              snake_demo.o (ResetGraph)
C:/Users/magnu/Documents/GitHub/PS1Demos/psyq/lib\libgpu.a(e00.o)
                              C:/Users/magnu/Documents/GitHub/PS1Demos/psyq/lib\libgpu.a(font.o) (LoadTPage)
C:/Users/magnu/Documents/GitHub/PS1Demos/psyq/lib\libgpu.a(e02.o)
                              C:/Users/magnu/Documents/GitHub/PS1Demos/psyq/lib\libgpu.a(font.o) (LoadClut2)
C:/Users/magnu/Documents/GitHub/PS1Demos/psyq/lib\libgpu.a(p00.o)
                              C:/Users/magnu/Documents/GitHub/PS1Demos/psyq/lib\libgpu.a(e00.o) (GetTPage)
C:/Users/magnu/Documents/GitHub/PS1Demos/psyq/lib\libgpu.a(p01.o)
                              C:/Users/magnu/Documents/GitHub/PS1Demos/psyq/lib\libgpu.a(e02.o) (GetClut)
C:/Users/magnu/Documents/GitHub/PS1Demos/psyq/lib\libapi.a(a23.o)
                              C:/Users/magnu/Documents/GitHub/PS1Demos/psyq/lib\libetc.a(intr.o) (ReturnFromException)
C:/Users/magnu/Documents/GitHub/PS1Demos/psyq/lib\libapi.a(a24.o)
                              C:/Users/magnu/Documents/GitHub/PS1Demos/psyq/lib\libetc.a(intr.o) (ResetEntryInt)
C:/Users/magnu/Documents/GitHub/PS1Demos/psyq/lib\libapi.a(a25.o)
                              C:/Users/magnu/Documents/GitHub/PS1Demos/psyq/lib\libetc.a(intr.o) (HookEntryInt)
C:/Users/magnu/Documents/GitHub/PS1Demos/psyq/lib\libapi.a(c114.o)
                              C:/Users/magnu/Documents/GitHub/PS1Demos/psyq/lib\libetc.a(intr.o) (_96_remove)
C:/Users/magnu/Documents/GitHub/PS1Demos/psyq/lib\libapi.a(c73.o)
                              C:/Users/magnu/Documents/GitHub/PS1Demos/psyq/lib\libgpu.a(sys.o) (GPU_cw)
C:/Users/magnu/Documents/GitHub/PS1Demos/psyq/lib\libapi.a(l10.o)
                              C:/Users/magnu/Documents/GitHub/PS1Demos/psyq/lib\libetc.a(vsync.o) (ChangeClearRCnt)
C:/Users/magnu/Documents/GitHub/PS1Demos/psyq/lib\libc.a(a63.o)
                              C:/Users/magnu/Documents/GitHub/PS1Demos/psyq/lib\libetc.a(vsync.o) (puts)
C:/Users/magnu/Documents/GitHub/PS1Demos/psyq/lib\libc.a(c19.o)
                              C:/Users/magnu/Documents/GitHub/PS1Demos/psyq/lib\libetc.a(intr.o) (setjmp)
C:/Users/magnu/Documents/GitHub/PS1Demos/psyq/lib\libc.a(c27.o)
                              C:/Users/magnu/Documents/GitHub/PS1Demos/psyq/lib\libgpu.a(font.o) (strlen)
C:/Users/magnu/Documents/GitHub/PS1Demos/psyq/lib\libetc.a(vmode.o)
                              C:/Users/magnu/Documents/GitHub/PS1Demos/psyq/lib\libgpu.a(e03.o) (GetVideoMode)

Discarded input sections

 .text          0x0000000000000000        0x0 snake_demo.o
 .MIPS.abiflags
                0x0000000000000000       0x18 snake_demo.o
 .pdr           0x0000000000000000      0x120 snake_demo.o
 .text.initializeSnake
                0x0000000000000000       0x24 snake_demo.o
 .text          0x0000000000000000        0x0 C:/Users/magnu/Documents/GitHub/PS1Demos/thirdparty/nugget/common/crt0/crt0.o
 .data          0x0000000000000000        0x0 C:/Users/magnu/Documents/GitHub/PS1Demos/thirdparty/nugget/common/crt0/crt0.o
 .bss           0x0000000000000000        0x0 C:/Users/magnu/Documents/GitHub/PS1Demos/thirdparty/nugget/common/crt0/crt0.o
 .reginfo       0x0000000000000000       0x18 C:/Users/magnu/Documents/GitHub/PS1Demos/thirdparty/nugget/common/crt0/crt0.o
 .MIPS.abiflags
                0x0000000000000000       0x18 C:/Users/magnu/Documents/GitHub/PS1Demos/thirdparty/nugget/common/crt0/crt0.o
 .text          0x0000000000000000        0x0 C:/Users/magnu/Documents/GitHub/PS1Demos/thirdparty/nugget/common/syscalls/printf.o
 .data          0x0000000000000000        0x0 C:/Users/magnu/Documents/GitHub/PS1Demos/thirdparty/nugget/common/syscalls/printf.o
 .bss           0x0000000000000000        0x0 C:/Users/magnu/Documents/GitHub/PS1Demos/thirdparty/nugget/common/syscalls/printf.o
 .reginfo       0x0000000000000000       0x18 C:/Users/magnu/Documents/GitHub/PS1Demos/thirdparty/nugget/common/syscalls/printf.o
 .MIPS.abiflags
                0x0000000000000000       0x18 C:/Users/magnu/Documents/GitHub/PS1Demos/thirdparty/nugget/common/syscalls/printf.o
 .pdr           0x0000000000000000        0x0 C:/Users/magnu/Documents/GitHub/PS1Demos/thirdparty/nugget/common/syscalls/printf.o
 .ramtext       0x0000000000000000        0xc C:/Users/magnu/Documents/GitHub/PS1Demos/thirdparty/nugget/common/syscalls/printf.o
 .debug_line    0x0000000000000000       0x4b C:/Users/magnu/Documents/GitHub/PS1Demos/thirdparty/nugget/common/syscalls/printf.o
 .debug_line_str
                0x0000000000000000       0xa8 C:/Users/magnu/Documents/GitHub/PS1Demos/thirdparty/nugget/common/syscalls/printf.o
 .debug_info    0x0000000000000000       0x24 C:/Users/magnu/Documents/GitHub/PS1Demos/thirdparty/nugget/common/syscalls/printf.o
 .debug_abbrev  0x0000000000000000       0x14 C:/Users/magnu/Documents/GitHub/PS1Demos/thirdparty/nugget/common/syscalls/printf.o
 .debug_aranges
                0x0000000000000000       0x20 C:/Users/magnu/Documents/GitHub/PS1Demos/thirdparty/nugget/common/syscalls/printf.o
 .debug_str     0x0000000000000000       0x49 C:/Users/magnu/Documents/GitHub/PS1Demos/thirdparty/nugget/common/syscalls/printf.o
 .gnu.attributes
                0x0000000000000000       0x10 C:/Users/magnu/Documents/GitHub/PS1Demos/thirdparty/nugget/common/syscalls/printf.o

Memory Configuration

Name             Origin             Length             Attributes
loader           0x000000008000f800 0x0000000000000800
ram              0x0000000080010000 0x00000000001f0000 xrw
dcache           0x000000001f800000 0x0000000000000400
*default*        0x0000000000000000 0xffffffffffffffff

Linker script and memory map

LOAD snake_demo.o
LOAD C:/Users/magnu/Documents/GitHub/PS1Demos/thirdparty/nugget/common/crt0/crt0.o
LOAD C:/Users/magnu/Documents/GitHub/PS1Demos/thirdparty/nugget/common/syscalls/printf.o
START GROUP
LOAD C:/Users/magnu/Documents/GitHub/PS1Demos/psyq/lib\libapi.a
LOAD C:/Users/magnu/Documents/GitHub/PS1Demos/psyq/lib\libc.a
LOAD C:/Users/magnu/Documents/GitHub/PS1Demos/psyq/lib\libc2.a
LOAD C:/Users/magnu/Documents/GitHub/PS1Demos/psyq/lib\libcard.a
LOAD C:/Users/magnu/Documents/GitHub/PS1Demos/psyq/lib\libcomb.a
LOAD C:/Users/magnu/Documents/GitHub/PS1Demos/psyq/lib\libds.a
LOAD C:/Users/magnu/Documents/GitHub/PS1Demos/psyq/lib\libetc.a
LOAD C:/Users/magnu/Documents/GitHub/PS1Demos/psyq/lib\libgpu.a
LOAD C:/Users/magnu/Documents/GitHub/PS1Demos/psyq/lib\libgs.a
LOAD C:/Users/magnu/Documents/GitHub/PS1Demos/psyq/lib\libgte.a
LOAD C:/Users/magnu/Documents/GitHub/PS1Demos/psyq/lib\libgun.a
LOAD C:/Users/magnu/Documents/GitHub/PS1Demos/psyq/lib\libhmd.a
LOAD C:/Users/magnu/Documents/GitHub/PS1Demos/psyq/lib\libmath.a
LOAD C:/Users/magnu/Documents/GitHub/PS1Demos/psyq/lib\libmcrd.a
LOAD C:/Users/magnu/Documents/GitHub/PS1Demos/psyq/lib\libmcx.a
LOAD C:/Users/magnu/Documents/GitHub/PS1Demos/psyq/lib\libpad.a
LOAD C:/Users/magnu/Documents/GitHub/PS1Demos/psyq/lib\libpress.a
LOAD C:/Users/magnu/Documents/GitHub/PS1Demos/psyq/lib\libsio.a
LOAD C:/Users/magnu/Documents/GitHub/PS1Demos/psyq/lib\libsnd.a
LOAD C:/Users/magnu/Documents/GitHub/PS1Demos/psyq/lib\libspu.a
LOAD C:/Users/magnu/Documents/GitHub/PS1Demos/psyq/lib\libtap.a
LOAD C:/Users/magnu/Documents/GitHub/PS1Demos/psyq/lib\libcd.a
END GROUP
                0x000000008002de00                __heap_base = __bss_end
                0x0000000080010000                TLOAD_ADDR = DEFINED (TLOAD_ADDR)?TLOAD_ADDR:0x80010000
                0x0000000080200000                __ram_top = (ORIGIN (ram) + LENGTH (ram))
                0x00000000801fff00                __sp = (__ram_top - 0x100)
                0x000000001f800000                __dcache = ORIGIN (dcache)
                0x000000001f800400                __dcache_top = (ORIGIN (dcache) + LENGTH (dcache))
                0x0000000000015e00                __bss_len = (__bss_end - __bss_start)
                0x0000000000005770                __ftext_len = (__ftext_end - __ftext_start)
                0x0000000000002890                __fdata_len = (__fdata_end - __fdata_start)
                0x0000000080200000                __stack_start = (ORIGIN (ram) + LENGTH (ram))

.PSX_EXE_Header
                0x000000008000f800      0x800
                0x000000008000f800        0x1 BYTE 0x50
                0x000000008000f801        0x1 BYTE 0x53
                0x000000008000f802        0x1 BYTE 0x2d
                0x000000008000f803        0x1 BYTE 0x58
                0x000000008000f804        0x1 BYTE 0x20
                0x000000008000f805        0x1 BYTE 0x45
                0x000000008000f806        0x1 BYTE 0x58
                0x000000008000f807        0x1 BYTE 0x45
                0x000000008000f808        0x4 LONG 0x0
                0x000000008000f80c        0x4 LONG 0x0
                0x000000008000f810        0x4 LONG 0x80010000 ABSOLUTE (_start)
                0x000000008000f814        0x4 LONG 0x0
                0x000000008000f818        0x4 LONG 0x80010000 TLOAD_ADDR
                0x000000008000f81c        0x4 LONG 0x8000 (__ftext_len + __fdata_len)
                0x000000008000f820        0x4 LONG 0x0
                0x000000008000f824        0x4 LONG 0x0
                0x000000008000f828        0x4 LONG 0x0
                0x000000008000f82c        0x4 LONG 0x0
                0x000000008000f830        0x4 LONG 0x801fff00 DEFINED (_sp)?ABSOLUTE (_sp):0x801fff00
                0x000000008000f834        0x4 LONG 0x0
                0x0000000080010000                . = (. + 0x7c8)
 *fill*         0x000000008000f838      0x7c8 
                0x0000000080010000                __ftext_start = ABSOLUTE (.)

.text           0x0000000080010000     0x5770
 *(.start)
 .start         0x0000000080010000       0x64 C:/Users/magnu/Documents/GitHub/PS1Demos/thirdparty/nugget/common/crt0/crt0.o
                0x0000000080010000                _start
 *(.init)
 *(SORT_NONE(.fini))
 *(.text.unlikely .text.*_unlikely .text.unlikely.*)
 *(.text.exit .text.exit.*)
 *(.text.startup .text.startup.*)
 .text.startup.main
                0x0000000080010064      0x2dc snake_demo.o
                0x0000000080010064                main
 *(.text.hot .text.hot.*)
 *(.text .stub .text.* .gnu.linkonce.t.*)
 .text.init     0x0000000080010340      0x134 snake_demo.o
                0x0000000080010340                init
 .text.display  0x0000000080010474       0xb8 snake_demo.o
                0x0000000080010474                display
 .text.renderGameObject
                0x000000008001052c       0xd8 snake_demo.o
                0x000000008001052c                renderGameObject
 .text.renderGameObjects
                0x0000000080010604       0x4c snake_demo.o
                0x0000000080010604                renderGameObjects
 .text.moveSnake
                0x0000000080010650       0x44 snake_demo.o
                0x0000000080010650                moveSnake
 .text.renderSnake
                0x0000000080010694       0xd8 snake_demo.o
                0x0000000080010694                renderSnake
 .text.growSnake
                0x000000008001076c       0x7c snake_demo.o
                0x000000008001076c                growSnake
 .text          0x00000000800107e8       0x10 C:/Users/magnu/Documents/GitHub/PS1Demos/psyq/lib\libapi.a(a91.o)
                0x00000000800107e8                ChangeClearPAD
 .text          0x00000000800107f8      0x290 C:/Users/magnu/Documents/GitHub/PS1Demos/psyq/lib\libapi.a(pad.o)
                0x00000000800107f8                SetInitPadFlag
                0x0000000080010804                ReadInitPadFlag
                0x0000000080010814                PAD_init
                0x00000000800108a4                InitPAD
                0x0000000080010934                StartPAD
 .text          0x0000000080010a88       0xa0 C:/Users/magnu/Documents/GitHub/PS1Demos/psyq/lib\libapi.a(patch.o)
                0x0000000080010a88                EnablePAD
                0x0000000080010a9c                DisablePAD
                0x0000000080010ab0                _patch_pad
 .text          0x0000000080010b28       0x10 C:/Users/magnu/Documents/GitHub/PS1Demos/psyq/lib\libapi.a(a18.o)
                0x0000000080010b28                InitPAD2
 .text          0x0000000080010b38       0x10 C:/Users/magnu/Documents/GitHub/PS1Demos/psyq/lib\libapi.a(a19.o)
                0x0000000080010b38                StartPAD2
 .text          0x0000000080010b48       0x10 C:/Users/magnu/Documents/GitHub/PS1Demos/psyq/lib\libapi.a(a21.o)
                0x0000000080010b48                PAD_init2
 .text          0x0000000080010b58       0x10 C:/Users/magnu/Documents/GitHub/PS1Demos/psyq/lib\libapi.a(a36.o)
                0x0000000080010b58                EnterCriticalSection
 .text          0x0000000080010b68       0x10 C:/Users/magnu/Documents/GitHub/PS1Demos/psyq/lib\libapi.a(a37.o)
                0x0000000080010b68                ExitCriticalSection
 .text          0x0000000080010b78       0x10 C:/Users/magnu/Documents/GitHub/PS1Demos/psyq/lib\libapi.a(c68.o)
                0x0000000080010b78                FlushCache
 .text          0x0000000080010b88       0x70 C:/Users/magnu/Documents/GitHub/PS1Demos/psyq/lib\libapi.a(chclrpad.o)
                0x0000000080010b88                _remove_ChgclrPAD
 .text          0x0000000080010bf8       0x10 C:/Users/magnu/Documents/GitHub/PS1Demos/psyq/lib\libapi.a(l02.o)
                0x0000000080010bf8                SysEnqIntRP
 .text          0x0000000080010c08       0x10 C:/Users/magnu/Documents/GitHub/PS1Demos/psyq/lib\libapi.a(l03.o)
                0x0000000080010c08                SysDeqIntRP
 .text          0x0000000080010c18       0x10 C:/Users/magnu/Documents/GitHub/PS1Demos/psyq/lib\libc.a(c42.o)
                0x0000000080010c18                memcpy
 .text          0x0000000080010c28       0x10 C:/Users/magnu/Documents/GitHub/PS1Demos/psyq/lib\libc.a(c43.o)
                0x0000000080010c28                memset
 .text          0x0000000080010c38       0x10 C:/Users/magnu/Documents/GitHub/PS1Demos/psyq/lib\libc.a(c63.o)
                0x0000000080010c38                printf
 .text          0x0000000080010c48      0x210 C:/Users/magnu/Documents/GitHub/PS1Demos/psyq/lib\libetc.a(vsync.o)
                0x0000000080010c48                VSync
 .text          0x0000000080010e58      0x120 C:/Users/magnu/Documents/GitHub/PS1Demos/psyq/lib\libetc.a(intr_vb.o)
                0x0000000080010e58                startIntrVSync
 .text          0x0000000080010f78      0x6c0 C:/Users/magnu/Documents/GitHub/PS1Demos/psyq/lib\libetc.a(intr.o)
                0x0000000080010f78                ResetCallback
                0x0000000080010fa8                InterruptCallback
                0x0000000080010fd8                DMACallback
                0x0000000080011008                VSyncCallback
                0x000000008001103c                VSyncCallbacks
                0x000000008001106c                StopCallback
                0x000000008001109c                RestartCallback
                0x00000000800110cc                CheckCallback
                0x00000000800110dc                GetIntrMask
                0x00000000800110f4                SetIntrMask
 .text          0x0000000080011638      0x2a0 C:/Users/magnu/Documents/GitHub/PS1Demos/psyq/lib\libetc.a(intr_dma.o)
                0x0000000080011638                startIntrDMA
 .text          0x00000000800118d8       0xc0 C:/Users/magnu/Documents/GitHub/PS1Demos/psyq/lib\libgpu.a(e03.o)
                0x00000000800118d8                SetDefDrawEnv
 .text          0x0000000080011998       0x40 C:/Users/magnu/Documents/GitHub/PS1Demos/psyq/lib\libgpu.a(e04.o)
                0x0000000080011998                SetDefDispEnv
 .text          0x00000000800119d8      0xa80 C:/Users/magnu/Documents/GitHub/PS1Demos/psyq/lib\libgpu.a(font.o)
                0x00000000800119d8                SetDumpFnt
                0x0000000080011a18                FntLoad
                0x0000000080011ab8                FntOpen
                0x0000000080011d74                FntFlush
                0x0000000080012090                FntPrint
 .text          0x0000000080012458       0x40 C:/Users/magnu/Documents/GitHub/PS1Demos/psyq/lib\libgpu.a(p06.o)
                0x0000000080012458                AddPrim
 .text          0x0000000080012498       0x20 C:/Users/magnu/Documents/GitHub/PS1Demos/psyq/lib\libgpu.a(p09.o)
                0x0000000080012498                TermPrim
 .text          0x00000000800124b8       0x30 C:/Users/magnu/Documents/GitHub/PS1Demos/psyq/lib\libgpu.a(p10.o)
                0x00000000800124b8                SetSemiTrans
 .text          0x00000000800124e8       0x20 C:/Users/magnu/Documents/GitHub/PS1Demos/psyq/lib\libgpu.a(p20.o)
                0x00000000800124e8                SetSprt8
 .text          0x0000000080012508       0x20 C:/Users/magnu/Documents/GitHub/PS1Demos/psyq/lib\libgpu.a(p26.o)
                0x0000000080012508                SetTile
 .text          0x0000000080012528       0xa0 C:/Users/magnu/Documents/GitHub/PS1Demos/psyq/lib\libgpu.a(p41.o)
                0x0000000080012528                SetDrawMode
 .text          0x00000000800125c8     0x2f00 C:/Users/magnu/Documents/GitHub/PS1Demos/psyq/lib\libgpu.a(sys.o)
                0x00000000800125c8                ResetGraph
                0x000000008001273c                SetGraphDebug
                0x0000000080012798                SetGraphQueue
                0x000000008001283c                GetGraphDebug
                0x000000008001284c                DrawSyncCallback
                0x00000000800128ac                SetDispMask
                0x0000000080012944                DrawSync
                0x0000000080012ac8                ClearImage
                0x0000000080012b58                ClearImage2
                0x0000000080012bf0                LoadImage
                0x0000000080012c50                StoreImage
                0x0000000080012cb0                MoveImage
                0x0000000080012d68                ClearOTag
                0x0000000080012e30                ClearOTagR
                0x0000000080012edc                DrawPrim
                0x0000000080012f38                DrawOTag
                0x0000000080012fa8                PutDrawEnv
                0x0000000080013068                DrawOTagEnv
                0x0000000080013140                GetDrawEnv
                0x0000000080013174                PutDispEnv
                0x000000008001366c                GetDispEnv
                0x00000000800136a0                GetODE
                0x00000000800136d0                SetDrawArea
                0x0000000080013750                SetDrawOffset
                0x0000000080013790                SetDrawEnv
                0x0000000080015060                LoadImage2
                0x000000008001514c                StoreImage2
                0x0000000080015238                MoveImage2
                0x000000008001537c                DrawOTag2
                0x0000000080015478                _GPU_ResetCallback
 .text          0x00000000800154c8       0xf0 C:/Users/magnu/Documents/GitHub/PS1Demos/psyq/lib\libgpu.a(e00.o)
                0x00000000800154c8                LoadTPage
 .text          0x00000000800155b8       0x70 C:/Users/magnu/Documents/GitHub/PS1Demos/psyq/lib\libgpu.a(e02.o)
                0x00000000800155b8                LoadClut2
 .text          0x0000000080015628       0x40 C:/Users/magnu/Documents/GitHub/PS1Demos/psyq/lib\libgpu.a(p00.o)
                0x0000000080015628                GetTPage
 .text          0x0000000080015668       0x20 C:/Users/magnu/Documents/GitHub/PS1Demos/psyq/lib\libgpu.a(p01.o)
                0x0000000080015668                GetClut
 .text          0x0000000080015688       0x10 C:/Users/magnu/Documents/GitHub/PS1Demos/psyq/lib\libapi.a(a23.o)
                0x0000000080015688                ReturnFromException
 .text          0x0000000080015698       0x10 C:/Users/magnu/Documents/GitHub/PS1Demos/psyq/lib\libapi.a(a24.o)
                0x0000000080015698                ResetEntryInt
 .text          0x00000000800156a8       0x10 C:/Users/magnu/Documents/GitHub/PS1Demos/psyq/lib\libapi.a(a25.o)
                0x00000000800156a8                HookEntryInt
 .text          0x00000000800156b8       0x20 C:/Users/magnu/Documents/GitHub/PS1Demos/psyq/lib\libapi.a(c114.o)
                0x00000000800156c0                _96_remove
 .text          0x00000000800156d8       0x10 C:/Users/magnu/Documents/GitHub/PS1Demos/psyq/lib\libapi.a(c73.o)
                0x00000000800156d8                GPU_cw
 .text          0x00000000800156e8       0x10 C:/Users/magnu/Documents/GitHub/PS1Demos/psyq/lib\libapi.a(l10.o)
                0x00000000800156e8                ChangeClearRCnt
 .text          0x00000000800156f8       0x20 C:/Users/magnu/Documents/GitHub/PS1Demos/psyq/lib\libc.a(a63.o)
                0x0000000080015700                puts
 .text          0x0000000080015718       0x10 C:/Users/magnu/Documents/GitHub/PS1Demos/psyq/lib\libc.a(c19.o)
                0x0000000080015718                setjmp
 .text          0x0000000080015728       0x10 C:/Users/magnu/Documents/GitHub/PS1Demos/psyq/lib\libc.a(c27.o)
                0x0000000080015728                strlen
 .text          0x0000000080015738       0x30 C:/Users/magnu/Documents/GitHub/PS1Demos/psyq/lib\libetc.a(vmode.o)
                0x0000000080015738                SetVideoMode
                0x000000008001574c                GetVideoMode
                0x0000000080015770                . = ALIGN (0x10)
 *fill*         0x0000000080015768        0x8 
 *(.init)
                0x0000000080015770                . = ALIGN (0x10)
 *(.fini)
                0x0000000080015770                . = ALIGN (0x10)
                0x0000000080015770                __text_end = .
                0x0000000080015770                __ftext_end = ABSOLUTE (.)
                0x0000000080015770                __fdata_start = ABSOLUTE (.)

.rodata         0x0000000080015770      0x3c0
 *(.rodata .rodata.* .rdata .rdata.* .gnu.linkonce.r.*)
 .rodata.str1.4
                0x0000000080015770       0x2f snake_demo.o
 *fill*         0x000000008001579f        0x1 
 .rodata        0x00000000800157a0        0x8 snake_demo.o
 .rodata        0x00000000800157a8       0x10 C:/Users/magnu/Documents/GitHub/PS1Demos/thirdparty/nugget/common/crt0/crt0.o
 .rdata         0x00000000800157b8       0x10 C:/Users/magnu/Documents/GitHub/PS1Demos/psyq/lib\libetc.a(vsync.o)
 .rdata         0x00000000800157c8       0x70 C:/Users/magnu/Documents/GitHub/PS1Demos/psyq/lib\libetc.a(intr.o)
 .rdata         0x0000000080015838       0x30 C:/Users/magnu/Documents/GitHub/PS1Demos/psyq/lib\libetc.a(intr_dma.o)
 .rdata         0x0000000080015868       0xa0 C:/Users/magnu/Documents/GitHub/PS1Demos/psyq/lib\libgpu.a(font.o)
 .rdata         0x0000000080015908      0x220 C:/Users/magnu/Documents/GitHub/PS1Demos/psyq/lib\libgpu.a(sys.o)
                0x0000000080015b30                . = ALIGN (0x10)
 *fill*         0x0000000080015b28        0x8 
                0x0000000080015b30                __preinit_array_start = .
 *(.preinit_array)
                0x0000000080015b30                __preinit_array_end = .
                0x0000000080015b30                . = ALIGN (0x10)
                0x0000000080015b30                __init_array_start = .
 *(SORT_BY_NAME(.init_array.*))
 *(.init_array)
                0x0000000080015b30                . = ALIGN (0x10)
 *crtbegin.o(.ctors)
 *(EXCLUDE_FILE(*crtend.o) .ctors)
 *(SORT_BY_NAME(.ctors.*))
 *crtend.o(.ctors)
                0x0000000080015b30                __init_array_end = .
                0x0000000080015b30                . = ALIGN (0x10)
                0x0000000080015b30                __fini_array_start = .
 *(.fini_array)
 *(SORT_BY_NAME(.fini_array.*))
 *crtbegin.o(.dtors)
 *(EXCLUDE_FILE(*crtend.o) .dtors)
 *(SORT_BY_NAME(.dtors.*))
 *crtend.o(.dtors)
                0x0000000080015b30                __fini_array_end = .
                0x0000000080015b30                __build_id = .
 *(.note.gnu.build-id)
                0x0000000080015b30                __build_id_end = .

.rel.dyn        0x0000000080015b30        0x0
 .rel.dyn       0x0000000080015b30        0x0 C:/Users/magnu/Documents/GitHub/PS1Demos/psyq/lib\libgpu.a(sys.o)

.rodata1
 *(.rodata1)
                0x0000000080015b30                __data_start = .

.data           0x0000000080015b30     0x24d0
 *(.a0table)
 *(.data .data.* .gnu.linkonce.d.*)
 .data          0x0000000080015b30       0x3c snake_demo.o
                0x0000000080015b30                WHITE
                0x0000000080015b3c                YELLOW
                0x0000000080015b48                GREEN
                0x0000000080015b54                BLUE
                0x0000000080015b60                RED
 *fill*         0x0000000080015b6c        0x4 
 .data          0x0000000080015b70       0x10 C:/Users/magnu/Documents/GitHub/PS1Demos/psyq/lib\libapi.a(pad.o)
 .data          0x0000000080015b80       0x20 C:/Users/magnu/Documents/GitHub/PS1Demos/psyq/lib\libetc.a(vsync.o)
                0x0000000080015b90                Hcount
 .data          0x0000000080015ba0       0x30 C:/Users/magnu/Documents/GitHub/PS1Demos/psyq/lib\libetc.a(intr_vb.o)
                0x0000000080015bc0                Vcount
 .data          0x0000000080015bd0     0x1100 C:/Users/magnu/Documents/GitHub/PS1Demos/psyq/lib\libetc.a(intr.o)
 .data          0x0000000080016cd0       0x30 C:/Users/magnu/Documents/GitHub/PS1Demos/psyq/lib\libetc.a(intr_dma.o)
 .data          0x0000000080016d00      0xb90 C:/Users/magnu/Documents/GitHub/PS1Demos/psyq/lib\libgpu.a(font.o)
                0x0000000080016d00                Font
 .data          0x0000000080017890      0x1a0 C:/Users/magnu/Documents/GitHub/PS1Demos/psyq/lib\libgpu.a(sys.o)
                0x00000000800178dc                GPU_printf
                0x00000000800178e0                GEnv
                0x0000000080017a08                _qin
                0x0000000080017a0c                _qout
 .data          0x0000000080017a30       0x10 C:/Users/magnu/Documents/GitHub/PS1Demos/psyq/lib\libetc.a(vmode.o)
 *(.data1)
 *(.sdata .sdata.* .gnu.linkonce.s.*)
 *(.sdata2 .sdata2.* .gnu.linkonce.s2.*)
 *(.got.plt)
 *(.got)
                0x0000000080018000                . = ALIGN (0x800)
 *fill*         0x0000000080017a40      0x5c0 
                0x0000000080018000                __data_end = .
                0x0000000080018000                __fdata_end = .
                0x0000000080018000                __bss_start = .

.sbss           0x0000000080018000    0x15e00
 *(.dynsbss)
 *(.sbss .sbss.* .gnu.linkonce.sb.*)
 .sbss          0x0000000080018000        0xc snake_demo.o
                0x0000000080018000                tile
                0x0000000080018004                nextpri
                0x0000000080018008                db
 *(.scommon)
 *(.dynbss)
 *(.bss .bss.* .gnu.linkonce.b.*)
 .bss           0x000000008001800c    0x10164 snake_demo.o
                0x000000008001800c                padbuff
                0x0000000080018050                pribuff
                0x0000000080028050                ot
                0x0000000080028090                draw
                0x0000000080028148                disp
 .bss           0x0000000080028170       0x10 C:/Users/magnu/Documents/GitHub/PS1Demos/psyq/lib\libapi.a(pad.o)
                0x0000000080028170                _apiPadPatch
 .bss           0x0000000080028180       0x10 C:/Users/magnu/Documents/GitHub/PS1Demos/psyq/lib\libapi.a(patch.o)
 .bss           0x0000000080028190       0x10 C:/Users/magnu/Documents/GitHub/PS1Demos/psyq/lib\libapi.a(chclrpad.o)
 .bss           0x00000000800281a0     0x4410 C:/Users/magnu/Documents/GitHub/PS1Demos/psyq/lib\libgpu.a(font.o)
 .bss           0x000000008002c5b0     0x1850 C:/Users/magnu/Documents/GitHub/PS1Demos/psyq/lib\libgpu.a(sys.o)
                0x000000008002c600                _que
 *(COMMON)
                0x000000008002de00                . = ALIGN (0x4)
                0x000000008002de00                __bss_end = .
                0x000000008002de00                __heap_start = __heap_base
                0x000000008000f800                . = (ADDR (.text) - 0x800)
                0x000000008000f800                __end = .

/DISCARD/
 *(.MIPS.abiflags)

/DISCARD/
 *(.rel.iplt)
 *(.rela.iplt)
 *(.rel.plt)
 *(.rela.plt)
 *(.plt)
 *(.iplt)

/DISCARD/
 *(.note.GNU-stack)
 *(.gnu_debuglink)
 *(.gnu.lto_*)
OUTPUT(snake_demo.elf elf32-littlemips)

.reginfo        0x0000000000000000       0x18
 .reginfo       0x0000000000000000       0x18 snake_demo.o

.mdebug.abi32   0x0000000000000000        0x0
 .mdebug.abi32  0x0000000000000000        0x0 snake_demo.o

.comment        0x0000000000000000       0x12
 .comment       0x0000000000000000       0x12 snake_demo.o
                                         0x13 (size before relaxing)

.gnu.attributes
                0x0000000000000000       0x10
 .gnu.attributes
                0x0000000000000000       0x10 snake_demo.o
 .gnu.attributes
                0x0000000000000010       0x10 C:/Users/magnu/Documents/GitHub/PS1Demos/thirdparty/nugget/common/crt0/crt0.o

.pdr            0x0000000000000000        0x0
 .pdr           0x0000000000000000        0x0 C:/Users/magnu/Documents/GitHub/PS1Demos/thirdparty/nugget/common/crt0/crt0.o

.note           0x0000000000000000     0x137c
 .note          0x0000000000000000       0x74 C:/Users/magnu/Documents/GitHub/PS1Demos/psyq/lib\libapi.a(a91.o)
 .note          0x0000000000000074       0x74 C:/Users/magnu/Documents/GitHub/PS1Demos/psyq/lib\libapi.a(pad.o)
 .note          0x00000000000000e8       0x74 C:/Users/magnu/Documents/GitHub/PS1Demos/psyq/lib\libapi.a(patch.o)
 .note          0x000000000000015c       0x74 C:/Users/magnu/Documents/GitHub/PS1Demos/psyq/lib\libapi.a(a18.o)
 .note          0x00000000000001d0       0x74 C:/Users/magnu/Documents/GitHub/PS1Demos/psyq/lib\libapi.a(a19.o)
 .note          0x0000000000000244       0x74 C:/Users/magnu/Documents/GitHub/PS1Demos/psyq/lib\libapi.a(a21.o)
 .note          0x00000000000002b8       0x74 C:/Users/magnu/Documents/GitHub/PS1Demos/psyq/lib\libapi.a(a36.o)
 .note          0x000000000000032c       0x74 C:/Users/magnu/Documents/GitHub/PS1Demos/psyq/lib\libapi.a(a37.o)
 .note          0x00000000000003a0       0x74 C:/Users/magnu/Documents/GitHub/PS1Demos/psyq/lib\libapi.a(c68.o)
 .note          0x0000000000000414       0x74 C:/Users/magnu/Documents/GitHub/PS1Demos/psyq/lib\libapi.a(chclrpad.o)
 .note          0x0000000000000488       0x74 C:/Users/magnu/Documents/GitHub/PS1Demos/psyq/lib\libapi.a(l02.o)
 .note          0x00000000000004fc       0x74 C:/Users/magnu/Documents/GitHub/PS1Demos/psyq/lib\libapi.a(l03.o)
 .note          0x0000000000000570       0x74 C:/Users/magnu/Documents/GitHub/PS1Demos/psyq/lib\libc.a(c42.o)
 .note          0x00000000000005e4       0x74 C:/Users/magnu/Documents/GitHub/PS1Demos/psyq/lib\libc.a(c43.o)
 .note          0x0000000000000658       0x74 C:/Users/magnu/Documents/GitHub/PS1Demos/psyq/lib\libc.a(c63.o)
 .note          0x00000000000006cc       0x74 C:/Users/magnu/Documents/GitHub/PS1Demos/psyq/lib\libetc.a(vsync.o)
 .note          0x0000000000000740       0x74 C:/Users/magnu/Documents/GitHub/PS1Demos/psyq/lib\libetc.a(intr_vb.o)
 .note          0x00000000000007b4       0x74 C:/Users/magnu/Documents/GitHub/PS1Demos/psyq/lib\libetc.a(intr.o)
 .note          0x0000000000000828       0x74 C:/Users/magnu/Documents/GitHub/PS1Demos/psyq/lib\libetc.a(intr_dma.o)
 .note          0x000000000000089c       0x74 C:/Users/magnu/Documents/GitHub/PS1Demos/psyq/lib\libgpu.a(e03.o)
 .note          0x0000000000000910       0x74 C:/Users/magnu/Documents/GitHub/PS1Demos/psyq/lib\libgpu.a(e04.o)
 .note          0x0000000000000984       0x74 C:/Users/magnu/Documents/GitHub/PS1Demos/psyq/lib\libgpu.a(font.o)
 .note          0x00000000000009f8       0x74 C:/Users/magnu/Documents/GitHub/PS1Demos/psyq/lib\libgpu.a(p06.o)
 .note          0x0000000000000a6c       0x74 C:/Users/magnu/Documents/GitHub/PS1Demos/psyq/lib\libgpu.a(p09.o)
 .note          0x0000000000000ae0       0x74 C:/Users/magnu/Documents/GitHub/PS1Demos/psyq/lib\libgpu.a(p10.o)
 .note          0x0000000000000b54       0x74 C:/Users/magnu/Documents/GitHub/PS1Demos/psyq/lib\libgpu.a(p20.o)
 .note          0x0000000000000bc8       0x74 C:/Users/magnu/Documents/GitHub/PS1Demos/psyq/lib\libgpu.a(p26.o)
 .note          0x0000000000000c3c       0x74 C:/Users/magnu/Documents/GitHub/PS1Demos/psyq/lib\libgpu.a(p41.o)
 .note          0x0000000000000cb0       0x74 C:/Users/magnu/Documents/GitHub/PS1Demos/psyq/lib\libgpu.a(sys.o)
 .note          0x0000000000000d24       0x74 C:/Users/magnu/Documents/GitHub/PS1Demos/psyq/lib\libgpu.a(e00.o)
 .note          0x0000000000000d98       0x74 C:/Users/magnu/Documents/GitHub/PS1Demos/psyq/lib\libgpu.a(e02.o)
 .note          0x0000000000000e0c       0x74 C:/Users/magnu/Documents/GitHub/PS1Demos/psyq/lib\libgpu.a(p00.o)
 .note          0x0000000000000e80       0x74 C:/Users/magnu/Documents/GitHub/PS1Demos/psyq/lib\libgpu.a(p01.o)
 .note          0x0000000000000ef4       0x74 C:/Users/magnu/Documents/GitHub/PS1Demos/psyq/lib\libapi.a(a23.o)
 .note          0x0000000000000f68       0x74 C:/Users/magnu/Documents/GitHub/PS1Demos/psyq/lib\libapi.a(a24.o)
 .note          0x0000000000000fdc       0x74 C:/Users/magnu/Documents/GitHub/PS1Demos/psyq/lib\libapi.a(a25.o)
 .note          0x0000000000001050       0x74 C:/Users/magnu/Documents/GitHub/PS1Demos/psyq/lib\libapi.a(c114.o)
 .note          0x00000000000010c4       0x74 C:/Users/magnu/Documents/GitHub/PS1Demos/psyq/lib\libapi.a(c73.o)
 .note          0x0000000000001138       0x74 C:/Users/magnu/Documents/GitHub/PS1Demos/psyq/lib\libapi.a(l10.o)
 .note          0x00000000000011ac       0x74 C:/Users/magnu/Documents/GitHub/PS1Demos/psyq/lib\libc.a(a63.o)
 .note          0x0000000000001220       0x74 C:/Users/magnu/Documents/GitHub/PS1Demos/psyq/lib\libc.a(c19.o)
 .note          0x0000000000001294       0x74 C:/Users/magnu/Documents/GitHub/PS1Demos/psyq/lib\libc.a(c27.o)
 .note          0x0000000000001308       0x74 C:/Users/magnu/Documents/GitHub/PS1Demos/psyq/lib\libetc.a(vmode.o)

.debug_info     0x0000000000000000      0xe91
 .debug_info    0x0000000000000000      0xe6d snake_demo.o
 .debug_info    0x0000000000000e6d       0x24 C:/Users/magnu/Documents/GitHub/PS1Demos/thirdparty/nugget/common/crt0/crt0.o

.debug_abbrev   0x0000000000000000      0x405
 .debug_abbrev  0x0000000000000000      0x3f1 snake_demo.o
 .debug_abbrev  0x00000000000003f1       0x14 C:/Users/magnu/Documents/GitHub/PS1Demos/thirdparty/nugget/common/crt0/crt0.o

.debug_loclists
                0x0000000000000000      0x26e
 .debug_loclists
                0x0000000000000000      0x26e snake_demo.o

.debug_aranges  0x0000000000000000       0x80
 .debug_aranges
                0x0000000000000000       0x60 snake_demo.o
 .debug_aranges
                0x0000000000000060       0x20 C:/Users/magnu/Documents/GitHub/PS1Demos/thirdparty/nugget/common/crt0/crt0.o

.debug_rnglists
                0x0000000000000000       0x9f
 .debug_rnglists
                0x0000000000000000       0x9f snake_demo.o

.debug_line     0x0000000000000000      0x5c8
 .debug_line    0x0000000000000000      0x56d snake_demo.o
 .debug_line    0x000000000000056d       0x5b C:/Users/magnu/Documents/GitHub/PS1Demos/thirdparty/nugget/common/crt0/crt0.o

.debug_str      0x0000000000000000      0x499
 .debug_str     0x0000000000000000      0x486 snake_demo.o
                                        0x4b4 (size before relaxing)
 .debug_str     0x0000000000000486       0x13 C:/Users/magnu/Documents/GitHub/PS1Demos/thirdparty/nugget/common/crt0/crt0.o
                                         0x47 (size before relaxing)

.debug_frame    0x0000000000000000       0xfc
 .debug_frame   0x0000000000000000       0xfc snake_demo.o

.debug_line_str
                0x0000000000000000       0x4e
 .debug_line_str
                0x0000000000000000       0x4e C:/Users/magnu/Documents/GitHub/PS1Demos/thirdparty/nugget/common/crt0/crt0.o
                                         0x9c (size before relaxing)
