Archive member included to satisfy reference by file (symbol)

C:/Users/magnu/Documents/GitHub/PS1Demos/psyq/lib\libapi.a(a91.o)
                              snake_demo_from_our_code.o (ChangeClearPAD)
C:/Users/magnu/Documents/GitHub/PS1Demos/psyq/lib\libapi.a(pad.o)
                              snake_demo_from_our_code.o (InitPAD)
C:/Users/magnu/Documents/GitHub/PS1Demos/psyq/lib\libapi.a(patch.o)
                              C:/Users/magnu/Documents/GitHub/PS1Demos/psyq/lib\libapi.a(pad.o) (_patch_pad)
C:/Users/magnu/Documents/GitHub/PS1Demos/psyq/lib\libapi.a(a18.o)
                              C:/Users/magnu/Documents/GitHub/PS1Demos/psyq/lib\libapi.a(pad.o) (InitPAD2)
C:/Users/magnu/Documents/GitHub/PS1Demos/psyq/lib\libapi.a(a19.o)
                              C:/Users/magnu/Documents/GitHub/PS1Demos/psyq/lib\libapi.a(pad.o) (StartPAD2)
C:/Users/magnu/Documents/GitHub/PS1Demos/psyq/lib\libapi.a(a21.o)
                              C:/Users/magnu/Documents/GitHub/PS1Demos/psyq/lib\libapi.a(pad.o) (PAD_init2)
C:/Users/magnu/Documents/GitHub/PS1Demos/psyq/lib\libapi.a(a36.o)
                              C:/Users/magnu/Documents/GitHub/PS1Demos/psyq/lib\libapi.a(pad.o) (EnterCriticalSection)
C:/Users/magnu/Documents/GitHub/PS1Demos/psyq/lib\libapi.a(a37.o)
                              C:/Users/magnu/Documents/GitHub/PS1Demos/psyq/lib\libapi.a(pad.o) (ExitCriticalSection)
C:/Users/magnu/Documents/GitHub/PS1Demos/psyq/lib\libapi.a(c68.o)
                              C:/Users/magnu/Documents/GitHub/PS1Demos/psyq/lib\libapi.a(patch.o) (FlushCache)
C:/Users/magnu/Documents/GitHub/PS1Demos/psyq/lib\libapi.a(chclrpad.o)
                              C:/Users/magnu/Documents/GitHub/PS1Demos/psyq/lib\libapi.a(pad.o) (_remove_ChgclrPAD)
C:/Users/magnu/Documents/GitHub/PS1Demos/psyq/lib\libapi.a(l02.o)
                              C:/Users/magnu/Documents/GitHub/PS1Demos/psyq/lib\libapi.a(pad.o) (SysEnqIntRP)
C:/Users/magnu/Documents/GitHub/PS1Demos/psyq/lib\libapi.a(l03.o)
                              C:/Users/magnu/Documents/GitHub/PS1Demos/psyq/lib\libapi.a(pad.o) (SysDeqIntRP)
C:/Users/magnu/Documents/GitHub/PS1Demos/psyq/lib\libetc.a(vsync.o)
                              snake_demo_from_our_code.o (VSync)
C:/Users/magnu/Documents/GitHub/PS1Demos/psyq/lib\libetc.a(intr_vb.o)
                              C:/Users/magnu/Documents/GitHub/PS1Demos/psyq/lib\libetc.a(vsync.o) (Vcount)
C:/Users/magnu/Documents/GitHub/PS1Demos/psyq/lib\libetc.a(intr.o)
                              C:/Users/magnu/Documents/GitHub/PS1Demos/psyq/lib\libetc.a(intr_vb.o) (InterruptCallback)
C:/Users/magnu/Documents/GitHub/PS1Demos/psyq/lib\libetc.a(intr_dma.o)
                              C:/Users/magnu/Documents/GitHub/PS1Demos/psyq/lib\libetc.a(intr.o) (startIntrDMA)
C:/Users/magnu/Documents/GitHub/PS1Demos/psyq/lib\libgpu.a(e03.o)
                              snake_demo_from_our_code.o (SetDefDrawEnv)
C:/Users/magnu/Documents/GitHub/PS1Demos/psyq/lib\libgpu.a(e04.o)
                              snake_demo_from_our_code.o (SetDefDispEnv)
C:/Users/magnu/Documents/GitHub/PS1Demos/psyq/lib\libgpu.a(font.o)
                              snake_demo_from_our_code.o (FntOpen)
C:/Users/magnu/Documents/GitHub/PS1Demos/psyq/lib\libgpu.a(p06.o)
                              C:/Users/magnu/Documents/GitHub/PS1Demos/psyq/lib\libgpu.a(font.o) (AddPrim)
C:/Users/magnu/Documents/GitHub/PS1Demos/psyq/lib\libgpu.a(p09.o)
                              C:/Users/magnu/Documents/GitHub/PS1Demos/psyq/lib\libgpu.a(font.o) (TermPrim)
C:/Users/magnu/Documents/GitHub/PS1Demos/psyq/lib\libgpu.a(p10.o)
                              C:/Users/magnu/Documents/GitHub/PS1Demos/psyq/lib\libgpu.a(font.o) (SetSemiTrans)
C:/Users/magnu/Documents/GitHub/PS1Demos/psyq/lib\libgpu.a(p20.o)
                              C:/Users/magnu/Documents/GitHub/PS1Demos/psyq/lib\libgpu.a(font.o) (SetSprt8)
C:/Users/magnu/Documents/GitHub/PS1Demos/psyq/lib\libgpu.a(p26.o)
                              C:/Users/magnu/Documents/GitHub/PS1Demos/psyq/lib\libgpu.a(font.o) (SetTile)
C:/Users/magnu/Documents/GitHub/PS1Demos/psyq/lib\libgpu.a(p41.o)
                              C:/Users/magnu/Documents/GitHub/PS1Demos/psyq/lib\libgpu.a(font.o) (SetDrawMode)
C:/Users/magnu/Documents/GitHub/PS1Demos/psyq/lib\libgpu.a(sys.o)
                              snake_demo_from_our_code.o (ResetGraph)
C:/Users/magnu/Documents/GitHub/PS1Demos/psyq/lib\libgpu.a(e00.o)
                              C:/Users/magnu/Documents/GitHub/PS1Demos/psyq/lib\libgpu.a(font.o) (LoadTPage)
C:/Users/magnu/Documents/GitHub/PS1Demos/psyq/lib\libgpu.a(e02.o)
                              C:/Users/magnu/Documents/GitHub/PS1Demos/psyq/lib\libgpu.a(font.o) (LoadClut2)
C:/Users/magnu/Documents/GitHub/PS1Demos/psyq/lib\libgpu.a(p00.o)
                              C:/Users/magnu/Documents/GitHub/PS1Demos/psyq/lib\libgpu.a(e00.o) (GetTPage)
C:/Users/magnu/Documents/GitHub/PS1Demos/psyq/lib\libgpu.a(p01.o)
                              C:/Users/magnu/Documents/GitHub/PS1Demos/psyq/lib\libgpu.a(e02.o) (GetClut)
C:/Users/magnu/Documents/GitHub/PS1Demos/psyq/lib\libapi.a(a23.o)
                              C:/Users/magnu/Documents/GitHub/PS1Demos/psyq/lib\libetc.a(intr.o) (ReturnFromException)
C:/Users/magnu/Documents/GitHub/PS1Demos/psyq/lib\libapi.a(a24.o)
                              C:/Users/magnu/Documents/GitHub/PS1Demos/psyq/lib\libetc.a(intr.o) (ResetEntryInt)
C:/Users/magnu/Documents/GitHub/PS1Demos/psyq/lib\libapi.a(a25.o)
                              C:/Users/magnu/Documents/GitHub/PS1Demos/psyq/lib\libetc.a(intr.o) (HookEntryInt)
C:/Users/magnu/Documents/GitHub/PS1Demos/psyq/lib\libapi.a(c114.o)
                              C:/Users/magnu/Documents/GitHub/PS1Demos/psyq/lib\libetc.a(intr.o) (_96_remove)
C:/Users/magnu/Documents/GitHub/PS1Demos/psyq/lib\libapi.a(c73.o)
                              C:/Users/magnu/Documents/GitHub/PS1Demos/psyq/lib\libgpu.a(sys.o) (GPU_cw)
C:/Users/magnu/Documents/GitHub/PS1Demos/psyq/lib\libapi.a(l10.o)
                              C:/Users/magnu/Documents/GitHub/PS1Demos/psyq/lib\libetc.a(vsync.o) (ChangeClearRCnt)
C:/Users/magnu/Documents/GitHub/PS1Demos/psyq/lib\libc.a(a63.o)
                              C:/Users/magnu/Documents/GitHub/PS1Demos/psyq/lib\libetc.a(vsync.o) (puts)
C:/Users/magnu/Documents/GitHub/PS1Demos/psyq/lib\libc.a(c19.o)
                              C:/Users/magnu/Documents/GitHub/PS1Demos/psyq/lib\libetc.a(intr.o) (setjmp)
C:/Users/magnu/Documents/GitHub/PS1Demos/psyq/lib\libc.a(c27.o)
                              C:/Users/magnu/Documents/GitHub/PS1Demos/psyq/lib\libgpu.a(font.o) (strlen)
C:/Users/magnu/Documents/GitHub/PS1Demos/psyq/lib\libc.a(c42.o)
                              C:/Users/magnu/Documents/GitHub/PS1Demos/psyq/lib\libgpu.a(sys.o) (memcpy)
C:/Users/magnu/Documents/GitHub/PS1Demos/psyq/lib\libc.a(c43.o)
                              C:/Users/magnu/Documents/GitHub/PS1Demos/psyq/lib\libgpu.a(font.o) (memset)
C:/Users/magnu/Documents/GitHub/PS1Demos/psyq/lib\libc.a(c63.o)
                              C:/Users/magnu/Documents/GitHub/PS1Demos/psyq/lib\libetc.a(intr.o) (printf)
C:/Users/magnu/Documents/GitHub/PS1Demos/psyq/lib\libetc.a(vmode.o)
                              C:/Users/magnu/Documents/GitHub/PS1Demos/psyq/lib\libgpu.a(e03.o) (GetVideoMode)

Discarded input sections

 .text          0x00000000        0x0 snake_demo_from_our_code.o
 .MIPS.abiflags
                0x00000000       0x18 snake_demo_from_our_code.o
 .pdr           0x00000000       0xc0 snake_demo_from_our_code.o
 .text          0x00000000        0x0 C:/Users/magnu/Documents/GitHub/PS1Demos/thirdparty/nugget/common/crt0/crt0.o
 .data          0x00000000        0x0 C:/Users/magnu/Documents/GitHub/PS1Demos/thirdparty/nugget/common/crt0/crt0.o
 .bss           0x00000000        0x0 C:/Users/magnu/Documents/GitHub/PS1Demos/thirdparty/nugget/common/crt0/crt0.o
 .reginfo       0x00000000       0x18 C:/Users/magnu/Documents/GitHub/PS1Demos/thirdparty/nugget/common/crt0/crt0.o
 .MIPS.abiflags
                0x00000000       0x18 C:/Users/magnu/Documents/GitHub/PS1Demos/thirdparty/nugget/common/crt0/crt0.o
 .text          0x00000000        0x0 C:/Users/magnu/Documents/GitHub/PS1Demos/thirdparty/nugget/common/syscalls/printf.o
 .data          0x00000000        0x0 C:/Users/magnu/Documents/GitHub/PS1Demos/thirdparty/nugget/common/syscalls/printf.o
 .bss           0x00000000        0x0 C:/Users/magnu/Documents/GitHub/PS1Demos/thirdparty/nugget/common/syscalls/printf.o
 .reginfo       0x00000000       0x18 C:/Users/magnu/Documents/GitHub/PS1Demos/thirdparty/nugget/common/syscalls/printf.o
 .MIPS.abiflags
                0x00000000       0x18 C:/Users/magnu/Documents/GitHub/PS1Demos/thirdparty/nugget/common/syscalls/printf.o
 .pdr           0x00000000        0x0 C:/Users/magnu/Documents/GitHub/PS1Demos/thirdparty/nugget/common/syscalls/printf.o
 .ramtext       0x00000000        0xc C:/Users/magnu/Documents/GitHub/PS1Demos/thirdparty/nugget/common/syscalls/printf.o
 .debug_line    0x00000000       0x4b C:/Users/magnu/Documents/GitHub/PS1Demos/thirdparty/nugget/common/syscalls/printf.o
 .debug_line_str
                0x00000000       0xa8 C:/Users/magnu/Documents/GitHub/PS1Demos/thirdparty/nugget/common/syscalls/printf.o
 .debug_info    0x00000000       0x24 C:/Users/magnu/Documents/GitHub/PS1Demos/thirdparty/nugget/common/syscalls/printf.o
 .debug_abbrev  0x00000000       0x14 C:/Users/magnu/Documents/GitHub/PS1Demos/thirdparty/nugget/common/syscalls/printf.o
 .debug_aranges
                0x00000000       0x20 C:/Users/magnu/Documents/GitHub/PS1Demos/thirdparty/nugget/common/syscalls/printf.o
 .debug_str     0x00000000       0x49 C:/Users/magnu/Documents/GitHub/PS1Demos/thirdparty/nugget/common/syscalls/printf.o
 .gnu.attributes
                0x00000000       0x10 C:/Users/magnu/Documents/GitHub/PS1Demos/thirdparty/nugget/common/syscalls/printf.o

Memory Configuration

Name             Origin             Length             Attributes
loader           0x8000f800         0x00000800
ram              0x80010000         0x001f0000         xrw
dcache           0x1f800000         0x00000400
*default*        0x00000000         0xffffffff

Linker script and memory map

LOAD snake_demo_from_our_code.o
LOAD C:/Users/magnu/Documents/GitHub/PS1Demos/thirdparty/nugget/common/crt0/crt0.o
LOAD C:/Users/magnu/Documents/GitHub/PS1Demos/thirdparty/nugget/common/syscalls/printf.o
START GROUP
LOAD C:/Users/magnu/Documents/GitHub/PS1Demos/psyq/lib\libapi.a
LOAD C:/Users/magnu/Documents/GitHub/PS1Demos/psyq/lib\libc.a
LOAD C:/Users/magnu/Documents/GitHub/PS1Demos/psyq/lib\libc2.a
LOAD C:/Users/magnu/Documents/GitHub/PS1Demos/psyq/lib\libcard.a
LOAD C:/Users/magnu/Documents/GitHub/PS1Demos/psyq/lib\libcomb.a
LOAD C:/Users/magnu/Documents/GitHub/PS1Demos/psyq/lib\libds.a
LOAD C:/Users/magnu/Documents/GitHub/PS1Demos/psyq/lib\libetc.a
LOAD C:/Users/magnu/Documents/GitHub/PS1Demos/psyq/lib\libgpu.a
LOAD C:/Users/magnu/Documents/GitHub/PS1Demos/psyq/lib\libgs.a
LOAD C:/Users/magnu/Documents/GitHub/PS1Demos/psyq/lib\libgte.a
LOAD C:/Users/magnu/Documents/GitHub/PS1Demos/psyq/lib\libgun.a
LOAD C:/Users/magnu/Documents/GitHub/PS1Demos/psyq/lib\libhmd.a
LOAD C:/Users/magnu/Documents/GitHub/PS1Demos/psyq/lib\libmath.a
LOAD C:/Users/magnu/Documents/GitHub/PS1Demos/psyq/lib\libmcrd.a
LOAD C:/Users/magnu/Documents/GitHub/PS1Demos/psyq/lib\libmcx.a
LOAD C:/Users/magnu/Documents/GitHub/PS1Demos/psyq/lib\libpad.a
LOAD C:/Users/magnu/Documents/GitHub/PS1Demos/psyq/lib\libpress.a
LOAD C:/Users/magnu/Documents/GitHub/PS1Demos/psyq/lib\libsio.a
LOAD C:/Users/magnu/Documents/GitHub/PS1Demos/psyq/lib\libsnd.a
LOAD C:/Users/magnu/Documents/GitHub/PS1Demos/psyq/lib\libspu.a
LOAD C:/Users/magnu/Documents/GitHub/PS1Demos/psyq/lib\libtap.a
LOAD C:/Users/magnu/Documents/GitHub/PS1Demos/psyq/lib\libcd.a
END GROUP
                0x8002d600                        __heap_base = __bss_end
                0x80010000                        TLOAD_ADDR = DEFINED (TLOAD_ADDR)?TLOAD_ADDR:0x80010000
                0x80200000                        __ram_top = (ORIGIN (ram) + LENGTH (ram))
                0x801fff00                        __sp = (__ram_top - 0x100)
                0x1f800000                        __dcache = ORIGIN (dcache)
                0x1f800400                        __dcache_top = (ORIGIN (dcache) + LENGTH (dcache))
                0x00015e00                        __bss_len = (__bss_end - __bss_start)
                0x00005470                        __ftext_len = (__ftext_end - __ftext_start)
                0x00002390                        __fdata_len = (__fdata_end - __fdata_start)
                0x80200000                        __stack_start = (ORIGIN (ram) + LENGTH (ram))

.PSX_EXE_Header
                0x8000f800      0x800
                0x8000f800        0x1 BYTE 0x50
                0x8000f801        0x1 BYTE 0x53
                0x8000f802        0x1 BYTE 0x2d
                0x8000f803        0x1 BYTE 0x58
                0x8000f804        0x1 BYTE 0x20
                0x8000f805        0x1 BYTE 0x45
                0x8000f806        0x1 BYTE 0x58
                0x8000f807        0x1 BYTE 0x45
                0x8000f808        0x4 LONG 0x0
                0x8000f80c        0x4 LONG 0x0
                0x8000f810        0x4 LONG 0x80010000 ABSOLUTE (_start)
                0x8000f814        0x4 LONG 0x0
                0x8000f818        0x4 LONG 0x80010000 TLOAD_ADDR
                0x8000f81c        0x4 LONG 0x7800 (__ftext_len + __fdata_len)
                0x8000f820        0x4 LONG 0x0
                0x8000f824        0x4 LONG 0x0
                0x8000f828        0x4 LONG 0x0
                0x8000f82c        0x4 LONG 0x0
                0x8000f830        0x4 LONG 0x801fff00 DEFINED (_sp)?ABSOLUTE (_sp):0x801fff00
                0x8000f834        0x4 LONG 0x0
                0x80010000                        . = (. + 0x7c8)
 *fill*         0x8000f838      0x7c8 
                0x80010000                        __ftext_start = ABSOLUTE (.)

.text           0x80010000     0x5470
 *(.start)
 .start         0x80010000       0x64 C:/Users/magnu/Documents/GitHub/PS1Demos/thirdparty/nugget/common/crt0/crt0.o
                0x80010000                _start
 *(.init)
 *(SORT_NONE(.fini))
 *(.text.unlikely .text.*_unlikely .text.unlikely.*)
 *(.text.exit .text.exit.*)
 *(.text.startup .text.startup.*)
 .text.startup.main
                0x80010064      0x148 snake_demo_from_our_code.o
                0x80010064                main
 *(.text.hot .text.hot.*)
 *(.text .stub .text.* .gnu.linkonce.t.*)
 .text.init     0x800101ac      0x134 snake_demo_from_our_code.o
                0x800101ac                init
 .text.display  0x800102e0       0xb8 snake_demo_from_our_code.o
                0x800102e0                display
 .text.renderGameObject
                0x80010398       0xd8 snake_demo_from_our_code.o
                0x80010398                renderGameObject
 .text.initializePlatform
                0x80010470       0x38 snake_demo_from_our_code.o
                0x80010470                initializePlatform
 .text.initializePlayer
                0x800104a8       0x3c snake_demo_from_our_code.o
                0x800104a8                initializePlayer
 *fill*         0x800104e4        0x4 
 .text          0x800104e8       0x10 C:/Users/magnu/Documents/GitHub/PS1Demos/psyq/lib\libapi.a(a91.o)
                0x800104e8                ChangeClearPAD
 .text          0x800104f8      0x290 C:/Users/magnu/Documents/GitHub/PS1Demos/psyq/lib\libapi.a(pad.o)
                0x800104f8                SetInitPadFlag
                0x80010504                ReadInitPadFlag
                0x80010514                PAD_init
                0x800105a4                InitPAD
                0x80010634                StartPAD
 .text          0x80010788       0xa0 C:/Users/magnu/Documents/GitHub/PS1Demos/psyq/lib\libapi.a(patch.o)
                0x80010788                EnablePAD
                0x8001079c                DisablePAD
                0x800107b0                _patch_pad
 .text          0x80010828       0x10 C:/Users/magnu/Documents/GitHub/PS1Demos/psyq/lib\libapi.a(a18.o)
                0x80010828                InitPAD2
 .text          0x80010838       0x10 C:/Users/magnu/Documents/GitHub/PS1Demos/psyq/lib\libapi.a(a19.o)
                0x80010838                StartPAD2
 .text          0x80010848       0x10 C:/Users/magnu/Documents/GitHub/PS1Demos/psyq/lib\libapi.a(a21.o)
                0x80010848                PAD_init2
 .text          0x80010858       0x10 C:/Users/magnu/Documents/GitHub/PS1Demos/psyq/lib\libapi.a(a36.o)
                0x80010858                EnterCriticalSection
 .text          0x80010868       0x10 C:/Users/magnu/Documents/GitHub/PS1Demos/psyq/lib\libapi.a(a37.o)
                0x80010868                ExitCriticalSection
 .text          0x80010878       0x10 C:/Users/magnu/Documents/GitHub/PS1Demos/psyq/lib\libapi.a(c68.o)
                0x80010878                FlushCache
 .text          0x80010888       0x70 C:/Users/magnu/Documents/GitHub/PS1Demos/psyq/lib\libapi.a(chclrpad.o)
                0x80010888                _remove_ChgclrPAD
 .text          0x800108f8       0x10 C:/Users/magnu/Documents/GitHub/PS1Demos/psyq/lib\libapi.a(l02.o)
                0x800108f8                SysEnqIntRP
 .text          0x80010908       0x10 C:/Users/magnu/Documents/GitHub/PS1Demos/psyq/lib\libapi.a(l03.o)
                0x80010908                SysDeqIntRP
 .text          0x80010918      0x210 C:/Users/magnu/Documents/GitHub/PS1Demos/psyq/lib\libetc.a(vsync.o)
                0x80010918                VSync
 .text          0x80010b28      0x120 C:/Users/magnu/Documents/GitHub/PS1Demos/psyq/lib\libetc.a(intr_vb.o)
                0x80010b28                startIntrVSync
 .text          0x80010c48      0x6c0 C:/Users/magnu/Documents/GitHub/PS1Demos/psyq/lib\libetc.a(intr.o)
                0x80010c48                ResetCallback
                0x80010c78                InterruptCallback
                0x80010ca8                DMACallback
                0x80010cd8                VSyncCallback
                0x80010d0c                VSyncCallbacks
                0x80010d3c                StopCallback
                0x80010d6c                RestartCallback
                0x80010d9c                CheckCallback
                0x80010dac                GetIntrMask
                0x80010dc4                SetIntrMask
 .text          0x80011308      0x2a0 C:/Users/magnu/Documents/GitHub/PS1Demos/psyq/lib\libetc.a(intr_dma.o)
                0x80011308                startIntrDMA
 .text          0x800115a8       0xc0 C:/Users/magnu/Documents/GitHub/PS1Demos/psyq/lib\libgpu.a(e03.o)
                0x800115a8                SetDefDrawEnv
 .text          0x80011668       0x40 C:/Users/magnu/Documents/GitHub/PS1Demos/psyq/lib\libgpu.a(e04.o)
                0x80011668                SetDefDispEnv
 .text          0x800116a8      0xa80 C:/Users/magnu/Documents/GitHub/PS1Demos/psyq/lib\libgpu.a(font.o)
                0x800116a8                SetDumpFnt
                0x800116e8                FntLoad
                0x80011788                FntOpen
                0x80011a44                FntFlush
                0x80011d60                FntPrint
 .text          0x80012128       0x40 C:/Users/magnu/Documents/GitHub/PS1Demos/psyq/lib\libgpu.a(p06.o)
                0x80012128                AddPrim
 .text          0x80012168       0x20 C:/Users/magnu/Documents/GitHub/PS1Demos/psyq/lib\libgpu.a(p09.o)
                0x80012168                TermPrim
 .text          0x80012188       0x30 C:/Users/magnu/Documents/GitHub/PS1Demos/psyq/lib\libgpu.a(p10.o)
                0x80012188                SetSemiTrans
 .text          0x800121b8       0x20 C:/Users/magnu/Documents/GitHub/PS1Demos/psyq/lib\libgpu.a(p20.o)
                0x800121b8                SetSprt8
 .text          0x800121d8       0x20 C:/Users/magnu/Documents/GitHub/PS1Demos/psyq/lib\libgpu.a(p26.o)
                0x800121d8                SetTile
 .text          0x800121f8       0xa0 C:/Users/magnu/Documents/GitHub/PS1Demos/psyq/lib\libgpu.a(p41.o)
                0x800121f8                SetDrawMode
 .text          0x80012298     0x2f00 C:/Users/magnu/Documents/GitHub/PS1Demos/psyq/lib\libgpu.a(sys.o)
                0x80012298                ResetGraph
                0x8001240c                SetGraphDebug
                0x80012468                SetGraphQueue
                0x8001250c                GetGraphDebug
                0x8001251c                DrawSyncCallback
                0x8001257c                SetDispMask
                0x80012614                DrawSync
                0x80012798                ClearImage
                0x80012828                ClearImage2
                0x800128c0                LoadImage
                0x80012920                StoreImage
                0x80012980                MoveImage
                0x80012a38                ClearOTag
                0x80012b00                ClearOTagR
                0x80012bac                DrawPrim
                0x80012c08                DrawOTag
                0x80012c78                PutDrawEnv
                0x80012d38                DrawOTagEnv
                0x80012e10                GetDrawEnv
                0x80012e44                PutDispEnv
                0x8001333c                GetDispEnv
                0x80013370                GetODE
                0x800133a0                SetDrawArea
                0x80013420                SetDrawOffset
                0x80013460                SetDrawEnv
                0x80014d30                LoadImage2
                0x80014e1c                StoreImage2
                0x80014f08                MoveImage2
                0x8001504c                DrawOTag2
                0x80015148                _GPU_ResetCallback
 .text          0x80015198       0xf0 C:/Users/magnu/Documents/GitHub/PS1Demos/psyq/lib\libgpu.a(e00.o)
                0x80015198                LoadTPage
 .text          0x80015288       0x70 C:/Users/magnu/Documents/GitHub/PS1Demos/psyq/lib\libgpu.a(e02.o)
                0x80015288                LoadClut2
 .text          0x800152f8       0x40 C:/Users/magnu/Documents/GitHub/PS1Demos/psyq/lib\libgpu.a(p00.o)
                0x800152f8                GetTPage
 .text          0x80015338       0x20 C:/Users/magnu/Documents/GitHub/PS1Demos/psyq/lib\libgpu.a(p01.o)
                0x80015338                GetClut
 .text          0x80015358       0x10 C:/Users/magnu/Documents/GitHub/PS1Demos/psyq/lib\libapi.a(a23.o)
                0x80015358                ReturnFromException
 .text          0x80015368       0x10 C:/Users/magnu/Documents/GitHub/PS1Demos/psyq/lib\libapi.a(a24.o)
                0x80015368                ResetEntryInt
 .text          0x80015378       0x10 C:/Users/magnu/Documents/GitHub/PS1Demos/psyq/lib\libapi.a(a25.o)
                0x80015378                HookEntryInt
 .text          0x80015388       0x20 C:/Users/magnu/Documents/GitHub/PS1Demos/psyq/lib\libapi.a(c114.o)
                0x80015390                _96_remove
 .text          0x800153a8       0x10 C:/Users/magnu/Documents/GitHub/PS1Demos/psyq/lib\libapi.a(c73.o)
                0x800153a8                GPU_cw
 .text          0x800153b8       0x10 C:/Users/magnu/Documents/GitHub/PS1Demos/psyq/lib\libapi.a(l10.o)
                0x800153b8                ChangeClearRCnt
 .text          0x800153c8       0x20 C:/Users/magnu/Documents/GitHub/PS1Demos/psyq/lib\libc.a(a63.o)
                0x800153d0                puts
 .text          0x800153e8       0x10 C:/Users/magnu/Documents/GitHub/PS1Demos/psyq/lib\libc.a(c19.o)
                0x800153e8                setjmp
 .text          0x800153f8       0x10 C:/Users/magnu/Documents/GitHub/PS1Demos/psyq/lib\libc.a(c27.o)
                0x800153f8                strlen
 .text          0x80015408       0x10 C:/Users/magnu/Documents/GitHub/PS1Demos/psyq/lib\libc.a(c42.o)
                0x80015408                memcpy
 .text          0x80015418       0x10 C:/Users/magnu/Documents/GitHub/PS1Demos/psyq/lib\libc.a(c43.o)
                0x80015418                memset
 .text          0x80015428       0x10 C:/Users/magnu/Documents/GitHub/PS1Demos/psyq/lib\libc.a(c63.o)
                0x80015428                printf
 .text          0x80015438       0x30 C:/Users/magnu/Documents/GitHub/PS1Demos/psyq/lib\libetc.a(vmode.o)
                0x80015438                SetVideoMode
                0x8001544c                GetVideoMode
                0x80015470                        . = ALIGN (0x10)
 *fill*         0x80015468        0x8 
 *(.init)
                0x80015470                        . = ALIGN (0x10)
 *(.fini)
                0x80015470                        . = ALIGN (0x10)
                0x80015470                        __text_end = .
                0x80015470                        __ftext_end = ABSOLUTE (.)
                0x80015470                        __fdata_start = ABSOLUTE (.)

.rodata         0x80015470      0x380
 *(.rodata .rodata.* .rdata .rdata.* .gnu.linkonce.r.*)
 .rodata        0x80015470       0x10 C:/Users/magnu/Documents/GitHub/PS1Demos/thirdparty/nugget/common/crt0/crt0.o
 .rdata         0x80015480       0x10 C:/Users/magnu/Documents/GitHub/PS1Demos/psyq/lib\libetc.a(vsync.o)
 .rdata         0x80015490       0x70 C:/Users/magnu/Documents/GitHub/PS1Demos/psyq/lib\libetc.a(intr.o)
 .rdata         0x80015500       0x30 C:/Users/magnu/Documents/GitHub/PS1Demos/psyq/lib\libetc.a(intr_dma.o)
 .rdata         0x80015530       0xa0 C:/Users/magnu/Documents/GitHub/PS1Demos/psyq/lib\libgpu.a(font.o)
 .rdata         0x800155d0      0x220 C:/Users/magnu/Documents/GitHub/PS1Demos/psyq/lib\libgpu.a(sys.o)
                0x800157f0                        . = ALIGN (0x10)
                0x800157f0                        __preinit_array_start = .
 *(.preinit_array)
                0x800157f0                        __preinit_array_end = .
                0x800157f0                        . = ALIGN (0x10)
                0x800157f0                        __init_array_start = .
 *(SORT_BY_NAME(.init_array.*))
 *(.init_array)
                0x800157f0                        . = ALIGN (0x10)
 *crtbegin.o(.ctors)
 *(EXCLUDE_FILE(*crtend.o) .ctors)
 *(SORT_BY_NAME(.ctors.*))
 *crtend.o(.ctors)
                0x800157f0                        __init_array_end = .
                0x800157f0                        . = ALIGN (0x10)
                0x800157f0                        __fini_array_start = .
 *(.fini_array)
 *(SORT_BY_NAME(.fini_array.*))
 *crtbegin.o(.dtors)
 *(EXCLUDE_FILE(*crtend.o) .dtors)
 *(SORT_BY_NAME(.dtors.*))
 *crtend.o(.dtors)
                0x800157f0                        __fini_array_end = .
                0x800157f0                        __build_id = .
 *(.note.gnu.build-id)
                0x800157f0                        __build_id_end = .

.rel.dyn        0x800157f0        0x0
 .rel.dyn       0x800157f0        0x0 C:/Users/magnu/Documents/GitHub/PS1Demos/psyq/lib\libgpu.a(sys.o)

.rodata1
 *(.rodata1)
                0x800157f0                        __data_start = .

.data           0x800157f0     0x2010
 *(.a0table)
 *(.data .data.* .gnu.linkonce.d.*)
 .data          0x800157f0       0x3c snake_demo_from_our_code.o
                0x800157f0                WHITE
                0x800157fc                YELLOW
                0x80015808                GREEN
                0x80015814                BLUE
                0x80015820                RED
 *fill*         0x8001582c        0x4 
 .data          0x80015830       0x10 C:/Users/magnu/Documents/GitHub/PS1Demos/psyq/lib\libapi.a(pad.o)
 .data          0x80015840       0x20 C:/Users/magnu/Documents/GitHub/PS1Demos/psyq/lib\libetc.a(vsync.o)
                0x80015850                Hcount
 .data          0x80015860       0x30 C:/Users/magnu/Documents/GitHub/PS1Demos/psyq/lib\libetc.a(intr_vb.o)
                0x80015880                Vcount
 .data          0x80015890     0x1100 C:/Users/magnu/Documents/GitHub/PS1Demos/psyq/lib\libetc.a(intr.o)
 .data          0x80016990       0x30 C:/Users/magnu/Documents/GitHub/PS1Demos/psyq/lib\libetc.a(intr_dma.o)
 .data          0x800169c0      0xb90 C:/Users/magnu/Documents/GitHub/PS1Demos/psyq/lib\libgpu.a(font.o)
                0x800169c0                Font
 .data          0x80017550      0x1a0 C:/Users/magnu/Documents/GitHub/PS1Demos/psyq/lib\libgpu.a(sys.o)
                0x8001759c                GPU_printf
                0x800175a0                GEnv
                0x800176c8                _qin
                0x800176cc                _qout
 .data          0x800176f0       0x10 C:/Users/magnu/Documents/GitHub/PS1Demos/psyq/lib\libetc.a(vmode.o)
 *(.data1)
 *(.sdata .sdata.* .gnu.linkonce.s.*)
 *(.sdata2 .sdata2.* .gnu.linkonce.s2.*)
 *(.got.plt)
 *(.got)
                0x80017800                        . = ALIGN (0x800)
 *fill*         0x80017700      0x100 
                0x80017800                        __data_end = .
                0x80017800                        __fdata_end = .
                0x80017800                        __bss_start = .

.sbss           0x80017800    0x15e00
 *(.dynsbss)
 *(.sbss .sbss.* .gnu.linkonce.sb.*)
 .sbss          0x80017800        0xc snake_demo_from_our_code.o
                0x80017800                tile
                0x80017804                nextpri
                0x80017808                db
 *(.scommon)
 *(.dynbss)
 *(.bss .bss.* .gnu.linkonce.b.*)
 .bss           0x8001780c    0x10164 snake_demo_from_our_code.o
                0x8001780c                padbuff
                0x80017850                pribuff
                0x80027850                ot
                0x80027890                draw
                0x80027948                disp
 .bss           0x80027970       0x10 C:/Users/magnu/Documents/GitHub/PS1Demos/psyq/lib\libapi.a(pad.o)
                0x80027970                _apiPadPatch
 .bss           0x80027980       0x10 C:/Users/magnu/Documents/GitHub/PS1Demos/psyq/lib\libapi.a(patch.o)
 .bss           0x80027990       0x10 C:/Users/magnu/Documents/GitHub/PS1Demos/psyq/lib\libapi.a(chclrpad.o)
 .bss           0x800279a0     0x4410 C:/Users/magnu/Documents/GitHub/PS1Demos/psyq/lib\libgpu.a(font.o)
 .bss           0x8002bdb0     0x1850 C:/Users/magnu/Documents/GitHub/PS1Demos/psyq/lib\libgpu.a(sys.o)
                0x8002be00                _que
 *(COMMON)
                0x8002d600                        . = ALIGN (0x4)
                0x8002d600                        __bss_end = .
                0x8002d600                        __heap_start = __heap_base
                0x8000f800                        . = (ADDR (.text) - 0x800)
                0x8000f800                        __end = .

/DISCARD/
 *(.MIPS.abiflags)

/DISCARD/
 *(.rel.iplt)
 *(.rela.iplt)
 *(.rel.plt)
 *(.rela.plt)
 *(.plt)
 *(.iplt)

/DISCARD/
 *(.note.GNU-stack)
 *(.gnu_debuglink)
 *(.gnu.lto_*)
OUTPUT(snake_demo.elf elf32-littlemips)

.reginfo        0x00000000       0x18
 .reginfo       0x00000000       0x18 snake_demo_from_our_code.o

.mdebug.abi32   0x00000000        0x0
 .mdebug.abi32  0x00000000        0x0 snake_demo_from_our_code.o

.comment        0x00000000       0x12
 .comment       0x00000000       0x12 snake_demo_from_our_code.o
                                 0x13 (size before relaxing)

.gnu.attributes
                0x00000000       0x10
 .gnu.attributes
                0x00000000       0x10 snake_demo_from_our_code.o
 .gnu.attributes
                0x00000010       0x10 C:/Users/magnu/Documents/GitHub/PS1Demos/thirdparty/nugget/common/crt0/crt0.o

.pdr            0x00000000        0x0
 .pdr           0x00000000        0x0 C:/Users/magnu/Documents/GitHub/PS1Demos/thirdparty/nugget/common/crt0/crt0.o

.note           0x00000000     0x137c
 .note          0x00000000       0x74 C:/Users/magnu/Documents/GitHub/PS1Demos/psyq/lib\libapi.a(a91.o)
 .note          0x00000074       0x74 C:/Users/magnu/Documents/GitHub/PS1Demos/psyq/lib\libapi.a(pad.o)
 .note          0x000000e8       0x74 C:/Users/magnu/Documents/GitHub/PS1Demos/psyq/lib\libapi.a(patch.o)
 .note          0x0000015c       0x74 C:/Users/magnu/Documents/GitHub/PS1Demos/psyq/lib\libapi.a(a18.o)
 .note          0x000001d0       0x74 C:/Users/magnu/Documents/GitHub/PS1Demos/psyq/lib\libapi.a(a19.o)
 .note          0x00000244       0x74 C:/Users/magnu/Documents/GitHub/PS1Demos/psyq/lib\libapi.a(a21.o)
 .note          0x000002b8       0x74 C:/Users/magnu/Documents/GitHub/PS1Demos/psyq/lib\libapi.a(a36.o)
 .note          0x0000032c       0x74 C:/Users/magnu/Documents/GitHub/PS1Demos/psyq/lib\libapi.a(a37.o)
 .note          0x000003a0       0x74 C:/Users/magnu/Documents/GitHub/PS1Demos/psyq/lib\libapi.a(c68.o)
 .note          0x00000414       0x74 C:/Users/magnu/Documents/GitHub/PS1Demos/psyq/lib\libapi.a(chclrpad.o)
 .note          0x00000488       0x74 C:/Users/magnu/Documents/GitHub/PS1Demos/psyq/lib\libapi.a(l02.o)
 .note          0x000004fc       0x74 C:/Users/magnu/Documents/GitHub/PS1Demos/psyq/lib\libapi.a(l03.o)
 .note          0x00000570       0x74 C:/Users/magnu/Documents/GitHub/PS1Demos/psyq/lib\libetc.a(vsync.o)
 .note          0x000005e4       0x74 C:/Users/magnu/Documents/GitHub/PS1Demos/psyq/lib\libetc.a(intr_vb.o)
 .note          0x00000658       0x74 C:/Users/magnu/Documents/GitHub/PS1Demos/psyq/lib\libetc.a(intr.o)
 .note          0x000006cc       0x74 C:/Users/magnu/Documents/GitHub/PS1Demos/psyq/lib\libetc.a(intr_dma.o)
 .note          0x00000740       0x74 C:/Users/magnu/Documents/GitHub/PS1Demos/psyq/lib\libgpu.a(e03.o)
 .note          0x000007b4       0x74 C:/Users/magnu/Documents/GitHub/PS1Demos/psyq/lib\libgpu.a(e04.o)
 .note          0x00000828       0x74 C:/Users/magnu/Documents/GitHub/PS1Demos/psyq/lib\libgpu.a(font.o)
 .note          0x0000089c       0x74 C:/Users/magnu/Documents/GitHub/PS1Demos/psyq/lib\libgpu.a(p06.o)
 .note          0x00000910       0x74 C:/Users/magnu/Documents/GitHub/PS1Demos/psyq/lib\libgpu.a(p09.o)
 .note          0x00000984       0x74 C:/Users/magnu/Documents/GitHub/PS1Demos/psyq/lib\libgpu.a(p10.o)
 .note          0x000009f8       0x74 C:/Users/magnu/Documents/GitHub/PS1Demos/psyq/lib\libgpu.a(p20.o)
 .note          0x00000a6c       0x74 C:/Users/magnu/Documents/GitHub/PS1Demos/psyq/lib\libgpu.a(p26.o)
 .note          0x00000ae0       0x74 C:/Users/magnu/Documents/GitHub/PS1Demos/psyq/lib\libgpu.a(p41.o)
 .note          0x00000b54       0x74 C:/Users/magnu/Documents/GitHub/PS1Demos/psyq/lib\libgpu.a(sys.o)
 .note          0x00000bc8       0x74 C:/Users/magnu/Documents/GitHub/PS1Demos/psyq/lib\libgpu.a(e00.o)
 .note          0x00000c3c       0x74 C:/Users/magnu/Documents/GitHub/PS1Demos/psyq/lib\libgpu.a(e02.o)
 .note          0x00000cb0       0x74 C:/Users/magnu/Documents/GitHub/PS1Demos/psyq/lib\libgpu.a(p00.o)
 .note          0x00000d24       0x74 C:/Users/magnu/Documents/GitHub/PS1Demos/psyq/lib\libgpu.a(p01.o)
 .note          0x00000d98       0x74 C:/Users/magnu/Documents/GitHub/PS1Demos/psyq/lib\libapi.a(a23.o)
 .note          0x00000e0c       0x74 C:/Users/magnu/Documents/GitHub/PS1Demos/psyq/lib\libapi.a(a24.o)
 .note          0x00000e80       0x74 C:/Users/magnu/Documents/GitHub/PS1Demos/psyq/lib\libapi.a(a25.o)
 .note          0x00000ef4       0x74 C:/Users/magnu/Documents/GitHub/PS1Demos/psyq/lib\libapi.a(c114.o)
 .note          0x00000f68       0x74 C:/Users/magnu/Documents/GitHub/PS1Demos/psyq/lib\libapi.a(c73.o)
 .note          0x00000fdc       0x74 C:/Users/magnu/Documents/GitHub/PS1Demos/psyq/lib\libapi.a(l10.o)
 .note          0x00001050       0x74 C:/Users/magnu/Documents/GitHub/PS1Demos/psyq/lib\libc.a(a63.o)
 .note          0x000010c4       0x74 C:/Users/magnu/Documents/GitHub/PS1Demos/psyq/lib\libc.a(c19.o)
 .note          0x00001138       0x74 C:/Users/magnu/Documents/GitHub/PS1Demos/psyq/lib\libc.a(c27.o)
 .note          0x000011ac       0x74 C:/Users/magnu/Documents/GitHub/PS1Demos/psyq/lib\libc.a(c42.o)
 .note          0x00001220       0x74 C:/Users/magnu/Documents/GitHub/PS1Demos/psyq/lib\libc.a(c43.o)
 .note          0x00001294       0x74 C:/Users/magnu/Documents/GitHub/PS1Demos/psyq/lib\libc.a(c63.o)
 .note          0x00001308       0x74 C:/Users/magnu/Documents/GitHub/PS1Demos/psyq/lib\libetc.a(vmode.o)

.debug_info     0x00000000      0xa12
 .debug_info    0x00000000      0x9ee snake_demo_from_our_code.o
 .debug_info    0x000009ee       0x24 C:/Users/magnu/Documents/GitHub/PS1Demos/thirdparty/nugget/common/crt0/crt0.o

.debug_abbrev   0x00000000      0x285
 .debug_abbrev  0x00000000      0x271 snake_demo_from_our_code.o
 .debug_abbrev  0x00000271       0x14 C:/Users/magnu/Documents/GitHub/PS1Demos/thirdparty/nugget/common/crt0/crt0.o

.debug_loclists
                0x00000000       0x56
 .debug_loclists
                0x00000000       0x56 snake_demo_from_our_code.o

.debug_aranges  0x00000000       0x68
 .debug_aranges
                0x00000000       0x48 snake_demo_from_our_code.o
 .debug_aranges
                0x00000048       0x20 C:/Users/magnu/Documents/GitHub/PS1Demos/thirdparty/nugget/common/crt0/crt0.o

.debug_rnglists
                0x00000000       0x35
 .debug_rnglists
                0x00000000       0x35 snake_demo_from_our_code.o

.debug_line     0x00000000      0x39b
 .debug_line    0x00000000      0x340 snake_demo_from_our_code.o
 .debug_line    0x00000340       0x5b C:/Users/magnu/Documents/GitHub/PS1Demos/thirdparty/nugget/common/crt0/crt0.o

.debug_str      0x00000000      0x383
 .debug_str     0x00000000      0x383 snake_demo_from_our_code.o
                                0x3af (size before relaxing)
 .debug_str     0x00000383       0x47 C:/Users/magnu/Documents/GitHub/PS1Demos/thirdparty/nugget/common/crt0/crt0.o

.debug_frame    0x00000000       0xa8
 .debug_frame   0x00000000       0xa8 snake_demo_from_our_code.o

.debug_line_str
                0x00000000       0x4e
 .debug_line_str
                0x00000000       0x4e C:/Users/magnu/Documents/GitHub/PS1Demos/thirdparty/nugget/common/crt0/crt0.o
                                 0x9c (size before relaxing)
